 mcaacplug

 Timestamp is 5d825f9c (Wed Sep 18 18:47:24 2019)

 Preferred load address is 0000000180000000

 Start         Length     Name                   Class
 0001:00000000 00000260H .text$di                CODE
 0001:00000260 0000d3f0H .text$mn                CODE
 0001:0000d650 000000e0H .text$mn$00             CODE
 0001:0000d730 000001f0H .text$x                 CODE
 0001:0000d920 0000018cH .text$yd                CODE
 0002:00000000 00000528H .idata$5                DATA
 0002:00000528 00000020H .00cfg                  DATA
 0002:00000548 00000008H .CRT$XCA                DATA
 0002:00000550 00000008H .CRT$XCL                DATA
 0002:00000558 00000028H .CRT$XCU                DATA
 0002:00000580 00000008H .CRT$XCZ                DATA
 0002:00000588 00000008H .CRT$XIA                DATA
 0002:00000590 00000008H .CRT$XIZ                DATA
 0002:00000598 00000008H .CRT$XPA                DATA
 0002:000005a0 00000008H .CRT$XPZ                DATA
 0002:000005a8 00000008H .CRT$XTA                DATA
 0002:000005b0 00000010H .CRT$XTZ                DATA
 0002:000005b8 00000000H .gfids$y                DATA
 0002:000005c0 00005f30H .rdata                  DATA
 0002:000064f0 0000083cH .rdata$r                DATA
 0002:00006d2c 00000364H .rdata$zzzdbg           DATA
 0002:00007090 00000008H .rtc$IAA                DATA
 0002:00007098 00000008H .rtc$IZZ                DATA
 0002:000070a0 00000008H .rtc$TAA                DATA
 0002:000070a8 00000008H .rtc$TZZ                DATA
 0002:000070b0 000016e8H .xdata                  DATA
 0002:00008798 00000008H ATL$__a                 DATA
 0002:000087a0 00000010H ATL$__z                 DATA
 0002:000087b0 00000dacH .edata                  DATA
 0002:0000955c 000000c8H .idata$2                DATA
 0002:00009624 00000014H .idata$3                DATA
 0002:00009638 00000528H .idata$4                DATA
 0002:00009b60 0000110cH .idata$6                DATA
 0003:00000000 00000488H .data                   DATA
 0003:00000488 000002b8H .data$r                 DATA
 0003:00000740 00000890H .bss                    DATA
 0004:00000000 000010d4H .pdata                  DATA
 0005:00000000 000016b0H .rsrc$01                DATA
 0005:000016b0 00021128H .rsrc$02                DATA

  Address         Publics by Value              Rva+Base               Lib:Object

 0000:00000000       __enclave_config           0000000000000000     <absolute>
 0000:00000000       ___safe_se_handler_count   0000000000000000     <absolute>
 0000:00000000       __dynamic_value_reloc_table 0000000000000000     <absolute>
 0000:00000000       __hybrid_auxiliary_iat     0000000000000000     <absolute>
 0000:00000000       __guard_longjmp_count      0000000000000000     <absolute>
 0000:00000000       __guard_iat_table          0000000000000000     <absolute>
 0000:00000000       __guard_iat_count          0000000000000000     <absolute>
 0000:00000000       ___safe_se_handler_table   0000000000000000     <absolute>
 0000:00000000       __guard_longjmp_table      0000000000000000     <absolute>
 0000:00000000       __hybrid_code_map_count    0000000000000000     <absolute>
 0000:00000000       __guard_fids_table         0000000000000000     <absolute>
 0000:00000000       __hybrid_code_map          0000000000000000     <absolute>
 0000:00000000       __guard_fids_count         0000000000000000     <absolute>
 0000:00000100       __guard_flags              0000000000000100     <absolute>
 0000:00000000       __ImageBase                0000000180000000     <linker-defined>
 0001:00000260       ??0?$CSimpleArray@GV?$CSimpleArrayEqualHelper@G@ATL@@@ATL@@QEAA@XZ 0000000180001260 f i precomp.obj
 0001:00000270       ??0?$CTraceCategoryEx@$00$0A@@ATL@@QEAA@PEB_W@Z 0000000180001270 f i precomp.obj
 0001:00000280       ??0?$CTraceCategoryEx@$01$0A@@ATL@@QEAA@PEB_W@Z 0000000180001280 f i precomp.obj
 0001:00000290       ??0?$CTraceCategoryEx@$03$0A@@ATL@@QEAA@PEB_W@Z 0000000180001290 f i precomp.obj
 0001:000002a0       ??0?$CTraceCategoryEx@$07$0A@@ATL@@QEAA@PEB_W@Z 00000001800012a0 f i precomp.obj
 0001:000002b0       ??0?$CTraceCategoryEx@$0BA@$0A@@ATL@@QEAA@PEB_W@Z 00000001800012b0 f i precomp.obj
 0001:000002c0       ??0?$CTraceCategoryEx@$0BAA@$0A@@ATL@@QEAA@PEB_W@Z 00000001800012c0 f i precomp.obj
 0001:000002d0       ??0?$CTraceCategoryEx@$0BAAA@$0A@@ATL@@QEAA@PEB_W@Z 00000001800012d0 f i precomp.obj
 0001:000002e0       ??0?$CTraceCategoryEx@$0BAAAA@$0A@@ATL@@QEAA@PEB_W@Z 00000001800012e0 f i precomp.obj
 0001:000002f0       ??0?$CTraceCategoryEx@$0BAAAAA@$0A@@ATL@@QEAA@PEB_W@Z 00000001800012f0 f i precomp.obj
 0001:00000300       ??0?$CTraceCategoryEx@$0CA@$0A@@ATL@@QEAA@PEB_W@Z 0000000180001300 f i precomp.obj
 0001:00000310       ??0?$CTraceCategoryEx@$0CAA@$0A@@ATL@@QEAA@PEB_W@Z 0000000180001310 f i precomp.obj
 0001:00000320       ??0?$CTraceCategoryEx@$0CAAA@$0A@@ATL@@QEAA@PEB_W@Z 0000000180001320 f i precomp.obj
 0001:00000330       ??0?$CTraceCategoryEx@$0CAAAA@$0A@@ATL@@QEAA@PEB_W@Z 0000000180001330 f i precomp.obj
 0001:00000340       ??0?$CTraceCategoryEx@$0CAAAAA@$0A@@ATL@@QEAA@PEB_W@Z 0000000180001340 f i precomp.obj
 0001:00000350       ??0?$CTraceCategoryEx@$0EA@$0A@@ATL@@QEAA@PEB_W@Z 0000000180001350 f i precomp.obj
 0001:00000360       ??0?$CTraceCategoryEx@$0EAA@$0A@@ATL@@QEAA@PEB_W@Z 0000000180001360 f i precomp.obj
 0001:00000370       ??0?$CTraceCategoryEx@$0EAAA@$0A@@ATL@@QEAA@PEB_W@Z 0000000180001370 f i precomp.obj
 0001:00000380       ??0?$CTraceCategoryEx@$0EAAAA@$0A@@ATL@@QEAA@PEB_W@Z 0000000180001380 f i precomp.obj
 0001:00000390       ??0?$CTraceCategoryEx@$0EAAAAA@$0A@@ATL@@QEAA@PEB_W@Z 0000000180001390 f i precomp.obj
 0001:000003a0       ??0?$CTraceCategoryEx@$0IA@$0A@@ATL@@QEAA@PEB_W@Z 00000001800013a0 f i precomp.obj
 0001:000003b0       ??0?$CTraceCategoryEx@$0IAA@$0A@@ATL@@QEAA@PEB_W@Z 00000001800013b0 f i precomp.obj
 0001:000003c0       ??0?$CTraceCategoryEx@$0IAAA@$0A@@ATL@@QEAA@PEB_W@Z 00000001800013c0 f i precomp.obj
 0001:000003d0       ??0?$CTraceCategoryEx@$0IAAAA@$0A@@ATL@@QEAA@PEB_W@Z 00000001800013d0 f i precomp.obj
 0001:000003e0       ??0CAtlComModule@ATL@@QEAA@XZ 00000001800013e0 f i precomp.obj
 0001:00000470       ??0CAtlWinModule@ATL@@QEAA@XZ 0000000180001470 f i precomp.obj
 0001:00000500       ??0CComCriticalSection@ATL@@QEAA@XZ 0000000180001500 f i precomp.obj
 0001:00000520       ??0CLog@@QEAA@AEBV0@@Z     0000000180001520 f i precomp.obj
 0001:00000670       ??0CMappingOfSfMemoryToken@@QEAA@AEBU_sfmemorytoken@@K@Z 0000000180001670 f i precomp.obj
 0001:000008d0       ??0COutOfProcessMemoryToken@@QEAA@AEAU_sfmemorytoken@@KH@Z 00000001800018d0 f i precomp.obj
 0001:00000b50       ??0_ATL_COM_MODULE70@ATL@@QEAA@XZ 0000000180001b50 f i precomp.obj
 0001:00000b70       ??0_ATL_WIN_MODULE70@ATL@@QEAA@XZ 0000000180001b70 f i precomp.obj
 0001:00000ba0       ??1?$CSimpleArray@GV?$CSimpleArrayEqualHelper@G@ATL@@@ATL@@QEAA@XZ 0000000180001ba0 f i precomp.obj
 0001:00000be0       ??1CAtlComModule@ATL@@QEAA@XZ 0000000180001be0 f i precomp.obj
 0001:00000c70       ??1CAtlWinModule@ATL@@QEAA@XZ 0000000180001c70 f i precomp.obj
 0001:00000d40       ??1CComBSTR@ATL@@QEAA@XZ   0000000180001d40 f i precomp.obj
 0001:00000d50       ??1CComCriticalSection@ATL@@QEAA@XZ 0000000180001d50 f i precomp.obj
 0001:00000d60       ??1CMappingOfSfMemoryToken@@QEAA@XZ 0000000180001d60 f i precomp.obj
 0001:00000d70       ??1COutOfProcessMemoryToken@@QEAA@XZ 0000000180001d70 f i precomp.obj
 0001:00000eb0       ??1_ATL_COM_MODULE70@ATL@@QEAA@XZ 0000000180001eb0 f i precomp.obj
 0001:00000ec0       ??1_ATL_WIN_MODULE70@ATL@@QEAA@XZ 0000000180001ec0 f i precomp.obj
 0001:00000f00       ??1stringdispid@CComTypeInfoHolder@ATL@@QEAA@XZ 0000000180001f00 f i precomp.obj
 0001:00000f10       ??2@YAPEAX_K@Z             0000000180001f10 f i precomp.obj
 0001:00000f30       ??3@YAXPEAX@Z              0000000180001f30 f i precomp.obj
 0001:00000f70       ??4CLog@@QEAAAEAV0@AEBV0@@Z 0000000180001f70 f i precomp.obj
 0001:00001030       ??4CMappingOfSfMemoryToken@@QEAAAEAV0@AEBV0@@Z 0000000180002030 f i precomp.obj
 0001:00001060       ??4COutOfProcessMemoryToken@@QEAAAEAV0@AEBV0@@Z 0000000180002060 f i precomp.obj
 0001:000010a0       ??4CSfLinkProjectInfo@@QEAAAEAV0@AEBV0@@Z 00000001800020a0 f i precomp.obj
 0001:00001100       ??A?$CSimpleArray@GV?$CSimpleArrayEqualHelper@G@ATL@@@ATL@@QEAAAEAGH@Z 0000000180002100 f i precomp.obj
 0001:00001130       ??_ECLog@@UEAAPEAXI@Z      0000000180002130 f i precomp.obj
 0001:000011c0       ??_Estringdispid@CComTypeInfoHolder@ATL@@QEAAPEAXI@Z 00000001800021c0 f i precomp.obj
 0001:00001250       ??_GCLog@@UEAAPEAXI@Z      0000000180002250 f i precomp.obj
 0001:00001290       ??_U@YAPEAX_K@Z            0000000180002290 f i precomp.obj
 0001:000012b0       ??_V@YAXPEAX@Z             00000001800022b0 f i precomp.obj
 0001:000012f0       ?AtlWinModuleInit@ATL@@YAJPEAU_ATL_WIN_MODULE70@1@@Z 00000001800022f0 f i precomp.obj
 0001:00001360       ?AtlWinModuleTerm@ATL@@YAJPEAU_ATL_WIN_MODULE70@1@PEAUHINSTANCE__@@@Z 0000000180002360 f i precomp.obj
 0001:00001430       ?Close@CMappingOfSfMemoryToken@@QEAAXXZ 0000000180002430 f i precomp.obj
 0001:00001440       ?DataSize@CMappingOfSfMemoryToken@@QEAAJXZ 0000000180002440 f i precomp.obj
 0001:00001450       ?Dispose@CMappingOfSfMemoryToken@@QEAAXXZ 0000000180002450 f i precomp.obj
 0001:00001530       ?GetAppTemplateData@CSfLinkProjectInfo@@QEAAPEAXXZ 0000000180002530 f i precomp.obj
 0001:00001540       ?GetAppTemplateDataPtr@CSfLinkProjectInfo@@QEAAPEAPEAXXZ 0000000180002540 f i precomp.obj
 0001:00001550       ?GetAppTemplateDataSize@CSfLinkProjectInfo@@QEAAKXZ 0000000180002550 f i precomp.obj
 0001:00001560       ?GetAppTemplateDataSizePtr@CSfLinkProjectInfo@@QEAAPEAKXZ 0000000180002560 f i precomp.obj
 0001:00001570       ?GetCommandLinePtr@CSfLinkProjectInfo@@QEAAPEAPEA_WXZ 0000000180002570 f i precomp.obj
 0001:00001580       ?GetCommandLineSize@CSfLinkProjectInfo@@QEAAKXZ 0000000180002580 f i precomp.obj
 0001:00001590       ?GetCommandLineSizePtr@CSfLinkProjectInfo@@QEAAPEAKXZ 0000000180002590 f i precomp.obj
 0001:000015a0       ?GetCommandLineW@CSfLinkProjectInfo@@QEAAPEA_WXZ 00000001800025a0 f i precomp.obj
 0001:000015b0       ?GetCreatorAppInfo@CSfLinkProjectInfo@@QEAAPEA_WXZ 00000001800025b0 f i precomp.obj
 0001:000015c0       ?GetCreatorAppInfoPtr@CSfLinkProjectInfo@@QEAAPEAPEA_WXZ 00000001800025c0 f i precomp.obj
 0001:000015d0       ?GetCreatorAppInfoSize@CSfLinkProjectInfo@@QEAAKXZ 00000001800025d0 f i precomp.obj
 0001:000015e0       ?GetCreatorAppInfoSizePtr@CSfLinkProjectInfo@@QEAAPEAKXZ 00000001800025e0 f i precomp.obj
 0001:000015f0       ?GetCreatorAppWindowClassName@CSfLinkProjectInfo@@QEAAPEA_WXZ 00000001800025f0 f i precomp.obj
 0001:00001600       ?GetCreatorAppWindowClassNamePtr@CSfLinkProjectInfo@@QEAAPEAPEA_WXZ 0000000180002600 f i precomp.obj
 0001:00001610       ?GetCreatorAppWindowClassNameSize@CSfLinkProjectInfo@@QEAAKXZ 0000000180002610 f i precomp.obj
 0001:00001620       ?GetCreatorAppWindowClassNameSizePtr@CSfLinkProjectInfo@@QEAAPEAKXZ 0000000180002620 f i precomp.obj
 0001:00001630       ?GetLogFileName@CLog@@QEBAPEB_WXZ 0000000180002630 f i precomp.obj
 0001:00001640       ?GetMemoryToken@COutOfProcessMemoryToken@@QEAAJAEAU_sfmemorytoken@@@Z 0000000180002640 f i precomp.obj
 0001:00001670       ?GetModuleInstance@CAtlBaseModule@ATL@@QEAAPEAUHINSTANCE__@@XZ 0000000180002670 f i precomp.obj
 0001:00001680       ?GetPointer@CMappingOfSfMemoryToken@@QEAAJPEAPEAX@Z 0000000180002680 f i precomp.obj
 0001:000016a0       ?GetProjectData@CSfLinkProjectInfo@@QEAAPEAXXZ 00000001800026a0 f i precomp.obj
 0001:000016b0       ?GetProjectDataPtr@CSfLinkProjectInfo@@QEAAPEAPEAXXZ 00000001800026b0 f i precomp.obj
 0001:000016c0       ?GetProjectDataSize@CSfLinkProjectInfo@@QEAAKXZ 00000001800026c0 f i precomp.obj
 0001:000016d0       ?GetProjectDataSizePtr@CSfLinkProjectInfo@@QEAAPEAKXZ 00000001800026d0 f i precomp.obj
 0001:000016e0       ?GetProjectPath@CSfLinkProjectInfo@@QEAAPEA_WXZ 00000001800026e0 f i precomp.obj
 0001:000016f0       ?GetProjectPathPtr@CSfLinkProjectInfo@@QEAAPEAPEA_WXZ 00000001800026f0 f i precomp.obj
 0001:00001700       ?GetProjectPathSize@CSfLinkProjectInfo@@QEAAKXZ 0000000180002700 f i precomp.obj
 0001:00001710       ?GetProjectPathSizePtr@CSfLinkProjectInfo@@QEAAPEAKXZ 0000000180002710 f i precomp.obj
 0001:00001720       ?GetRendererGuid@CSfLinkProjectInfo@@QEAAPEAU_GUID@@XZ 0000000180002720 f i precomp.obj
 0001:00001730       ?GetSize@?$CSimpleArray@GV?$CSimpleArrayEqualHelper@G@ATL@@@ATL@@QEBAHXZ 0000000180002730 f i precomp.obj
 0001:00001740       ?GetTemplateData@CSfLinkProjectInfo@@QEAAPEAXXZ 0000000180002740 f i precomp.obj
 0001:00001750       ?GetTemplateDataPtr@CSfLinkProjectInfo@@QEAAPEAPEAXXZ 0000000180002750 f i precomp.obj
 0001:00001760       ?GetTemplateDataSize@CSfLinkProjectInfo@@QEAAKXZ 0000000180002760 f i precomp.obj
 0001:00001770       ?GetTemplateDataSizePtr@CSfLinkProjectInfo@@QEAAPEAKXZ 0000000180002770 f i precomp.obj
 0001:00001780       ?GetTemplateName@CSfLinkProjectInfo@@QEAAPEA_WXZ 0000000180002780 f i precomp.obj
 0001:00001790       ?GetTemplateNamePtr@CSfLinkProjectInfo@@QEAAPEAPEA_WXZ 0000000180002790 f i precomp.obj
 0001:000017a0       ?GetTemplateNameSize@CSfLinkProjectInfo@@QEAAKXZ 00000001800027a0 f i precomp.obj
 0001:000017b0       ?GetTemplateNameSizePtr@CSfLinkProjectInfo@@QEAAPEAKXZ 00000001800027b0 f i precomp.obj
 0001:000017c0       ?GetVersion@CSfLinkProjectInfo@@QEAAKXZ 00000001800027c0 f i precomp.obj
 0001:000017d0       ?Init@CComCriticalSection@ATL@@QEAAJXZ 00000001800027d0 f i precomp.obj
 0001:00001810       ?Pointer@CMappingOfSfMemoryToken@@QEAAPEAXXZ 0000000180002810 f i precomp.obj
 0001:00001820       ?RemoveAll@?$CSimpleArray@GV?$CSimpleArrayEqualHelper@G@ATL@@@ATL@@QEAAXXZ 0000000180002820 f i precomp.obj
 0001:00001860       ?SfAllocateFileMapMemoryToken@@YAJAEAU_sfmemorytoken@@JH@Z 0000000180002860 f i precomp.obj
 0001:00001940       ?SfFreeFileMapMemoryToken@@YAJAEAU_sfmemorytoken@@@Z 0000000180002940 f i precomp.obj
 0001:00001990       ?Term@CAtlComModule@ATL@@QEAAXXZ 0000000180002990 f i precomp.obj
 0001:00001a20       ?Term@CAtlWinModule@ATL@@QEAAXXZ 0000000180002a20 f i precomp.obj
 0001:00001ae0       ?Term@CComCriticalSection@ATL@@QEAAJXZ 0000000180002ae0 f i precomp.obj
 0001:00001b00       ?_AtlInitializeCriticalSectionEx@ATL@@YAHPEAU_RTL_CRITICAL_SECTION@@KK@Z 0000000180002b00 f i precomp.obj
 0001:00001b10       ?_AtlRaiseException@ATL@@YAXKK@Z 0000000180002b10 f i precomp.obj
 0001:00001b20       HRESULT_FROM_WIN32         0000000180002b20 f i precomp.obj
 0001:00001b30       IsolationAwareActivateActCtx 0000000180002b30 f i precomp.obj
 0001:00001b40       IsolationAwareCreateActCtxW 0000000180002b40 f i precomp.obj
 0001:00001b50       IsolationAwareDeactivateActCtx 0000000180002b50 f i precomp.obj
 0001:00001b60       IsolationAwareFindActCtxSectionStringW 0000000180002b60 f i precomp.obj
 0001:00001b70       IsolationAwarePrivatenPgViNgRzlnPgpgk 0000000180002b70 f i precomp.obj
 0001:00001c00       IsolationAwareQueryActCtxW 0000000180002c00 f i precomp.obj
 0001:00001c10       IsolationAwareUnregisterClassW 0000000180002c10 f i precomp.obj
 0001:00001d30       WinbaseIsolationAwarePrivatetRgzlnPgpgk 0000000180002d30 f i precomp.obj
 0001:00001f00       DllGetClassObject          0000000180002f00 f   main.obj
 0001:00001fc0       DllCanUnloadNow            0000000180002fc0 f   main.obj
 0001:00001fd0       ??1CSfUnsharedFIOPluginInfo@@QEAA@XZ 0000000180002fd0 f   main.obj
 0001:00001ff0       ?Init@CSfUnsharedFIOPluginInfo@@UEAAJPEB_WKH@Z 0000000180002ff0 f   main.obj
 0001:00002000       ?GetFilterCount@CSfUnsharedFIOPluginInfo@@UEAAJPEAJ@Z 0000000180003000 f   main.obj
 0001:00002020       ?GetFilterInfo@CSfUnsharedFIOPluginInfo@@UEAAJJPEAU_GUID@@PEA_WIPEAK2222222@Z 0000000180003020 f   main.obj
 0001:00002100       DllInitialize              0000000180003100 f   main.obj
 0001:00002190       DllTerminate               0000000180003190 f   main.obj
 0001:00002210       DllMain                    0000000180003210 f   main.obj
 0001:00002340       ??0CClassFactory@@QEAA@AEBU_GUID@@@Z 0000000180003340 f   main.obj
 0001:00002360       ?QueryInterface@CClassFactory@@UEAAJAEBU_GUID@@PEAPEAX@Z 0000000180003360 f   main.obj
 0001:000023c0       ?AddRef@CClassFactory@@UEAAKXZ 00000001800033c0 f   main.obj
 0001:000023e0       ?Release@CClassFactory@@UEAAKXZ 00000001800033e0 f   main.obj
 0001:00002410       ?CreateInstance@CClassFactory@@UEAAJPEAUIUnknown@@AEBU_GUID@@PEAPEAX@Z 0000000180003410 f   main.obj
 0001:000025c0       ?LockServer@CClassFactory@@UEAAJH@Z 00000001800035c0 f   main.obj
 0001:000025e0       DllInitClasses             00000001800035e0 f   main.obj
 0001:000025f0       ==                         00000001800035f0 f i main.obj
 0001:00002610       ??0CSfUnsharedFIOPluginInfo@@QEAA@XZ 0000000180003610 f i main.obj
 0001:00002630       ??0IClassFactory@@QEAA@XZ  0000000180003630 f i main.obj
 0001:00002640       ??0IUnknown@@QEAA@XZ       0000000180003640 f i main.obj
 0001:00002650       ??_GCSfMP4RenderFileClass@@QEAAPEAXI@Z 0000000180003650 f i main.obj
 0001:00002690       ??_GCSfUnsharedFIOPluginInfo@@QEAAPEAXI@Z 0000000180003690 f i main.obj
 0001:000026c0       ?AddRef@CSfUnsharedFIOPluginInfo@@UEAAKXZ 00000001800036c0 f i main.obj
 0001:000026d0       ?QueryInterface@CSfUnsharedFIOPluginInfo@@UEAAJAEBU_GUID@@PEAPEAX@Z 00000001800036d0 f i main.obj
 0001:00002740       ?Release@CSfUnsharedFIOPluginInfo@@UEAAKXZ 0000000180003740 f i main.obj
 0001:00002780       ?SfOleFromTStr@@YAHPEA_WPEB_WH@Z 0000000180003780 f i main.obj
 0001:000027f0       ?SfStrCpyNW@@YAPEA_WPEA_WPEB_WH@Z 00000001800037f0 f i main.obj
 0001:00002820       ?SfStrLenW@@YAIPEB_W@Z     0000000180003820 f i main.obj
 0001:00002840       IsEqualGUID                0000000180003840 f i main.obj
 0001:00002860       ?DoShowAboutBox@@YAJPEAUHWND__@@W4SFMCAACPLUGINTYPE@@@Z 0000000180003860 f   mp4wrtr.obj
 0001:00002b10       ??0CSfMP4RenderFileClass@@QEAA@XZ 0000000180003b10 f   mp4wrtr.obj
 0001:00002b70       ??1CSfMP4RenderFileClass@@QEAA@XZ 0000000180003b70 f   mp4wrtr.obj
 0001:00002bc0       ?SetIOManager@CSfMP4RenderFileClass@@UEAAJPEAUISfFileIOManager@@@Z 0000000180003bc0 f   mp4wrtr.obj
 0001:00002c90       ?GetIOManager@CSfMP4RenderFileClass@@UEAAJPEAPEAUISfFileIOManager@@@Z 0000000180003c90 f   mp4wrtr.obj
 0001:00002cd0       ?GetCaps@CSfMP4RenderFileClass@@UEAAJPEAU_SFFILERENDERCAPS@@@Z 0000000180003cd0 f   mp4wrtr.obj
 0001:00002cf0       ?GetReadClass@CSfMP4RenderFileClass@@UEAAJPEAPEAUISfReadFileClass@@@Z 0000000180003cf0 f   mp4wrtr.obj
 0001:00002d20       ?GetStrings@CSfMP4RenderFileClass@@UEAAJPEBW4SFFIO_FILECLASS_INFO_TEXT@@KPEAPEA_W@Z 0000000180003d20 f   mp4wrtr.obj
 0001:00002d60       ?Create@CSfMP4RenderFileClass@@UEAAJPEAPEAUISfRenderFile@@PEB_WJPEAPEAUISfReadStream@@PEBUtagSFTEMPLATExV2@@@Z 0000000180003d60 f   mp4wrtr.obj
 0001:00002f00       ?GetPresetCount@CSfMP4RenderFileClass@@UEAAJPEAJ@Z 0000000180003f00 f   mp4wrtr.obj
 0001:00002f10       ?GetPreset@CSfMP4RenderFileClass@@UEAAJPEAPEAUtagSFTEMPLATExV2@@J@Z 0000000180003f10 f   mp4wrtr.obj
 0001:00003150       ?GetPresetIndexFromGuid@CSfMP4RenderFileClass@@UEAAJPEBU_GUID@@PEAJ@Z 0000000180004150 f   mp4wrtr.obj
 0001:000031b0       ?ConformTemplate@CSfMP4RenderFileClass@@UEAAJPEAPEAUtagSFTEMPLATExV2@@PEBU2@W4SFFIO_CONFORM_TEMPLATE_REASON@@@Z 00000001800041b0 f   mp4wrtr.obj
 0001:000031f0       ?ConformTemplateToSource@CSfMP4RenderFileClass@@UEAAJPEAPEAUtagSFTEMPLATExV2@@PEBU2@1W4SFFIO_CONFORM_TEMPLATE_REASON@@@Z 00000001800041f0 f   mp4wrtr.obj
 0001:00003200       ?GetPropertyPageCount@CSfMP4RenderFileClass@@UEAAJPEAJ0PEAU_SFFILERENDERPAGEOPTIONS@@@Z 0000000180004200 f   mp4wrtr.obj
 0001:00003220       ?GetPropertyPage@CSfMP4RenderFileClass@@UEAAJJPEAPEAUIPropertyPage@@@Z 0000000180004220 f   mp4wrtr.obj
 0001:00003230       ?QueryInterface@CSfMP4RenderFileClass@@UEAAJAEBU_GUID@@PEAPEAX@Z 0000000180004230 f   mp4wrtr.obj
 0001:000032f0       ?ShowAboutBox@CSfMP4RenderFileClass@@UEAAJPEAUHWND__@@@Z 00000001800042f0 f   mp4wrtr.obj
 0001:000035a0       ?GetStatus@CSfMP4RenderFileClass@@UEAAJPEAJPEAPEA_W@Z 00000001800045a0 f   mp4wrtr.obj
 0001:00003630       ?GetTemplateInfo@CSfMP4RenderFileClass@@UEAAJPEBUtagSFTEMPLATExV2@@PEAXIW4SFFIO_TEMPLATE_INFO@@@Z 0000000180004630 f   mp4wrtr.obj
 0001:00003750       ?GetPresetGuidFromIndex@CSfMP4RenderFileClass@@QEAAJHPEAU_GUID@@@Z 0000000180004750 f   mp4wrtr.obj
 0001:000037a0       ?Init@CSfMP4RenderFileClass@@QEAAJW4SFMCAACPLUGINTYPE@@@Z 00000001800047a0 f   mp4wrtr.obj
 0001:000037b0       ?UserHasAskedNotToSeeWarningAnymore@CSfMP4RenderFileClass@@UEAAJW4SFFIO_TEMPLATEVALIDATE@@@Z 00000001800047b0 f   mp4wrtr.obj
 0001:000037c0       ?ValidateTemplate@CSfMP4RenderFileClass@@UEAAJPEAUHWND__@@PEAUtagSFTEMPLATExV2@@W4SFFIO_TEMPLATEVALIDATE@@HHPEAH3@Z 00000001800047c0 f   mp4wrtr.obj
 0001:000037d0       ?adjustTemplateBasedOnSource@CSfMP4RenderFileClass@@AEAAXPEAUtagSFTEMPLATExV2@@NN@Z 00000001800047d0 f   mp4wrtr.obj
 0001:000037e0       ??0CSfMP4RenderFile@@QEAA@PEAVCSfMP4RenderFileClass@@PEAUtagSFTEMPLATExV2@@W4SFMCAACPLUGINTYPE@@@Z 00000001800047e0 f   mp4wrtr.obj
 0001:00003840       ??1CSfMP4RenderFile@@QEAA@XZ 0000000180004840 f   mp4wrtr.obj
 0001:00003920       ?CloseFile@CSfMP4RenderFile@@UEAAJXZ 0000000180004920 f   mp4wrtr.obj
 0001:000039b0       ?IsFileOpen@CSfMP4RenderFile@@UEAAJXZ 00000001800049b0 f   mp4wrtr.obj
 0001:000039d0       ?OpenFile@CSfMP4RenderFile@@UEAAJKK@Z 00000001800049d0 f   mp4wrtr.obj
 0001:000039f0       ?SetFile@CSfMP4RenderFile@@UEAAJPEB_W@Z 00000001800049f0 f   mp4wrtr.obj
 0001:00003a20       ?GetFileName@CSfMP4RenderFile@@UEAAJPEA_WI@Z 0000000180004a20 f   mp4wrtr.obj
 0001:00003a50       ?GetStreamCount@CSfMP4RenderFile@@UEAAJPEAJ@Z 0000000180004a50 f   mp4wrtr.obj
 0001:00003a70       ?GetStreamFormatInfo@CSfMP4RenderFile@@UEAAJQEAU_SFFILESTREAMFORMATINFOv2@@JJ@Z 0000000180004a70 f   mp4wrtr.obj
 0001:00003ad0       ?SetStreamFormatInfo@CSfMP4RenderFile@@UEAAJQEAU_SFFILESTREAMFORMATINFOv2@@J@Z 0000000180004ad0 f   mp4wrtr.obj
 0001:00003b50       ?SetStreamReader@CSfMP4RenderFile@@UEAAJPEAUISfReadStream@@J@Z 0000000180004b50 f   mp4wrtr.obj
 0001:00003bf0       ?SetMetaReader@CSfMP4RenderFile@@UEAAJPEAUISfReadMeta@@@Z 0000000180004bf0 f   mp4wrtr.obj
 0001:00003c20       ?GetTemplate@CSfMP4RenderFile@@UEAAJPEAPEAUtagSFTEMPLATExV2@@K@Z 0000000180004c20 f   mp4wrtr.obj
 0001:00003c60       ?UpdateMetaData@CSfMP4RenderFile@@UEAAJKW4SFFIO_TEXT_ENCODE_TYPE@@@Z 0000000180004c60 f   mp4wrtr.obj
 0001:00003c80       ?Render@CSfMP4RenderFile@@UEAAJPEAUISfProgress@@@Z 0000000180004c80 f   mp4wrtr.obj
 0001:00003ca0       ?Render_CPU@CSfMP4RenderFile@@QEAAJPEAUISfProgress@@@Z 0000000180004ca0 f   mp4wrtr.obj
 0001:00004290       ?EstimateFileSize@CSfMP4RenderFile@@UEAAJPEA_J@Z 0000000180005290 f   mp4wrtr.obj
 0001:000042a0       ?freeReaders@CSfMP4RenderFile@@AEAAXPEAUtSFLIST@@@Z 00000001800052a0 f   mp4wrtr.obj
 0001:00004320       ?GetStreamsFromHost@CSfMP4RenderFile@@AEAAJPEAPEAUISfReadVideoRenderStream@@PEAPEAUISfReadAudioStream@@@Z 0000000180005320 f   mp4wrtr.obj
 0001:00004450       ?_AudioBitrateFromIndex@@YAKK@Z 0000000180005450 f   mp4wrtr.obj
 0001:00004470       ?initMP4EncoderParams@@YAJAEAUSFMCAAC_TEMPL_PARAMS@@AEBU_GUID@@@Z 0000000180005470 f   mp4wrtr.obj
 0001:00004740       ?initMP4EncoderParams@@YAJAEAUSFMCAAC_TEMPL_PARAMS@@H@Z 0000000180005740 f   mp4wrtr.obj
 0001:00004770       ?initMP4EncoderParams@@YAJAEAUSFMCAAC_TEMPL_PARAMS@@KPEBUtagSIZE@@PEBUtSFVIDEOEXTENSION@@PEBUtWAVEFORMATEX@@KK@Z 0000000180005770 f   mp4wrtr.obj
 0001:00004850       ?initMP4EncoderParams@@YAJAEAUSFMCAAC_TEMPL_PARAMS@@PEBUtagSFTEMPLATExV2@@@Z 0000000180005850 f   mp4wrtr.obj
 0001:000049e0       ?SetAudioRenderSettings@@YAJPEAUtagSFTEMPLATExV2@@AEBUSFMCAAC_TEMPL_PARAMS@@@Z 00000001800059e0 f   mp4wrtr.obj
 0001:00004ae0       ?makeMP4Template@@YAPEAUtagSFTEMPLATExV2@@AEBUSFMCAAC_TEMPL_PARAMS@@HHPEB_W1@Z 0000000180005ae0 f   mp4wrtr.obj
 0001:00004da0       ?GetChannelId@@YAII@Z      0000000180005da0 f   mp4wrtr.obj
 0001:00004dd0       ?GetAACProfile@@YAII@Z     0000000180005dd0 f   mp4wrtr.obj
 0001:00004e00       ?makeStaticMP4Template@@YAPEAUtagSFTEMPLATExV2@@JH@Z 0000000180005e00 f   mp4wrtr.obj
 0001:00005010       ?get_rc@@YAPEAXPEAD@Z      0000000180006010 f   mp4wrtr.obj
 0001:00005120       ?SfMP4RenderFileClass_FixupTemplateVersion@@YAJPEAPEAUtagSFTEMPLATExV2@@PEBU1@H@Z 0000000180006120 f   mp4wrtr.obj
 0001:000053a0       ?SetFileLength@@YAJPEB_WT_LARGE_INTEGER@@@Z 00000001800063a0 f   mp4wrtr.obj
 0001:00005470       ?Error_printf@@YAXPEADZZ   0000000180006470 f   mp4wrtr.obj
 0001:00005550       ?Dbg_printf@@YAXPEAXIPEADZZ 0000000180006550 f   mp4wrtr.obj
 0001:00005560       ??$__vcrt_va_start_verify_argument_type@PEAD@@YAXXZ 0000000180006560 f i mp4wrtr.obj
 0001:00005570       ??$__vcrt_va_start_verify_argument_type@QEBD@@YAXXZ 0000000180006570 f i mp4wrtr.obj
 0001:00005580       ??0BaseRenderFile@ffbase@@QEAA@AEBV01@@Z 0000000180006580 f i mp4wrtr.obj
 0001:00005660       ??0IAudioEncoder@ffbase@@QEAA@AEBV01@@Z 0000000180006660 f i mp4wrtr.obj
 0001:00005670       ??0IAudioEncoder@ffbase@@QEAA@XZ 0000000180006670 f i mp4wrtr.obj
 0001:00005680       ??1IAudioEncoder@ffbase@@UEAA@XZ 0000000180006680 f i mp4wrtr.obj
 0001:00005690       ??4IAudioEncoder@ffbase@@QEAAAEAV01@AEBV01@@Z 0000000180006690 f i mp4wrtr.obj
 0001:000056a0       ??_EBaseRenderFile@ffbase@@UEAAPEAXI@Z 00000001800066a0 f i mp4wrtr.obj
 0001:00005730       ??_EIAudioEncoder@ffbase@@UEAAPEAXI@Z 0000000180006730 f i mp4wrtr.obj
 0001:000057c0       ??_GBaseRenderFile@ffbase@@UEAAPEAXI@Z 00000001800067c0 f i mp4wrtr.obj
 0001:00005800       ??_GCSfMP4RenderFile@@QEAAPEAXI@Z 0000000180006800 f i mp4wrtr.obj
 0001:00005900       ??_GIAudioEncoder@ffbase@@UEAAPEAXI@Z 0000000180006900 f i mp4wrtr.obj
 0001:00005930       ?AddRef@CSfMP4RenderFile@@UEAAKXZ 0000000180006930 f i mp4wrtr.obj
 0001:00005940       ?AddRef@CSfMP4RenderFileClass@@UEAAKXZ 0000000180006940 f i mp4wrtr.obj
 0001:00005950       ?AddRef@CSfMP4RenderFileClass@@W7EAAKXZ 0000000180006950 f i mp4wrtr.obj
 0001:0000595c       ?AddRef@CSfMP4RenderFileClass@@WBA@EAAKXZ 000000018000695c f i mp4wrtr.obj
 0001:00005970       ?Alloc@SfTemplatex@@SAPEAU1@II@Z 0000000180006970 f i mp4wrtr.obj
 0001:000059d0       ?AllocRaw@SfTemplatex@@SAPEAUtagSFTEMPLATExV2@@I@Z 00000001800069d0 f i mp4wrtr.obj
 0001:000059e0       ?BuyPropertyPages@CSfMP4RenderFileClass@@UEAAJPEAUHWND__@@@Z 00000001800069e0 f i mp4wrtr.obj
 0001:000059f0       ?ChooseBestPreset@CSfMP4RenderFileClass@@UEAAJPEBUtagSFTEMPLATExV2@@JPEAJ@Z 00000001800069f0 f i mp4wrtr.obj
 0001:00005a00       ?Copy@SfTemplatex@@SAPEAU1@PEBUtagSFTEMPLATExV2@@PEB_W1@Z 0000000180006a00 f i mp4wrtr.obj
 0001:00005be0       ?CopyBody@SfTemplatex@@SAXPEAUtagSFTEMPLATExV2@@PEBU2@@Z 0000000180006be0 f i mp4wrtr.obj
 0001:00005c60       ?Free@SfTemplatex@@SAXPEBUtagSFTEMPLATExV2@@@Z 0000000180006c60 f i mp4wrtr.obj
 0001:00005c70       ?GetAllowedStreamTypes@CSfMP4RenderFileClass@@UEAAJPEAK@Z 0000000180006c70 f i mp4wrtr.obj
 0001:00005c80       ?GetNextSumTag@CSfMP4RenderFileClass@@UEAAJPEAK0@Z 0000000180006c80 f i mp4wrtr.obj
 0001:00005c90       ?GetRenderFileClass@CSfMP4RenderFile@@UEAAJPEAPEAUISfRenderFileClass@@@Z 0000000180006c90 f i mp4wrtr.obj
 0001:00005cb0       ?GetSupportedTypes@CSfMP4RenderFileClass@@UEAAJPEAW4SFFIO_TYPESOFMETADATA@@0@Z 0000000180006cb0 f i mp4wrtr.obj
 0001:00005cd0       ?GetTypeID@CSfMP4RenderFileClass@@UEAAJPEAU_GUID@@@Z 0000000180006cd0 f i mp4wrtr.obj
 0001:00005ce0       ?GetTypeIndex@CSfMP4RenderFileClass@@UEAAJPEAJ@Z 0000000180006ce0 f i mp4wrtr.obj
 0001:00005cf0       ?HasAboutBox@CSfMP4RenderFileClass@@UEAAJXZ 0000000180006cf0 f i mp4wrtr.obj
 0001:00005d00       ?Init@_tagacidchunk@@QEAAXXZ 0000000180006d00 f i mp4wrtr.obj
 0001:00005d40       ?IsEmpty@_sfwaveformat@@QEBA_NXZ 0000000180006d40 f i mp4wrtr.obj
 0001:00005d60       ?IsHostApplicationYUVCapable@CSfMP4RenderFileClass@@QEAAHXZ 0000000180006d60 f i mp4wrtr.obj
 0001:00005d70       ?Name@SfTemplatex@@QEBAPEB_WXZ 0000000180006d70 f i mp4wrtr.obj
 0001:00005da0       ?Notes@SfTemplatex@@QEBAPEB_WXZ 0000000180006da0 f i mp4wrtr.obj
 0001:00005df0       ?Open@CSfMP4RenderFileClass@@UEAAJPEAUISfRenderFile@@PEAXPEB_W@Z 0000000180006df0 f i mp4wrtr.obj
 0001:00005e00       ?QueryInterface@CSfMP4RenderFile@@UEAAJAEBU_GUID@@PEAPEAX@Z 0000000180006e00 f i mp4wrtr.obj
 0001:00005e68       ?QueryInterface@CSfMP4RenderFileClass@@W7EAAJAEBU_GUID@@PEAPEAX@Z 0000000180006e68 f i mp4wrtr.obj
 0001:00005e74       ?QueryInterface@CSfMP4RenderFileClass@@WBA@EAAJAEBU_GUID@@PEAPEAX@Z 0000000180006e74 f i mp4wrtr.obj
 0001:00005e80       ?ReAllocExtra@SfTemplatex@@SAPEAU1@PEBUtagSFTEMPLATExV2@@IPEAE@Z 0000000180006e80 f i mp4wrtr.obj
 0001:00005ff0       ?Release@CSfMP4RenderFile@@UEAAKXZ 0000000180006ff0 f i mp4wrtr.obj
 0001:00006020       ?Release@CSfMP4RenderFileClass@@UEAAKXZ 0000000180007020 f i mp4wrtr.obj
 0001:00006094       ?Release@CSfMP4RenderFileClass@@W7EAAKXZ 0000000180007094 f i mp4wrtr.obj
 0001:000060a0       ?Release@CSfMP4RenderFileClass@@WBA@EAAKXZ 00000001800070a0 f i mp4wrtr.obj
 0001:000060b0       ?Reset@CSfMP4RenderFileClass@@UEAAJXZ 00000001800070b0 f i mp4wrtr.obj
 0001:000060c0       ?SetOneshotFlags@_tagacidchunk@@QEAAXXZ 00000001800070c0 f i mp4wrtr.obj
 0001:000060d0       ?SetText@SfTemplatex@@QEAAXPEB_W0@Z 00000001800070d0 f i mp4wrtr.obj
 0001:000062b0       ?SetTypeIndex@CSfMP4RenderFileClass@@UEAAJJ@Z 00000001800072b0 f i mp4wrtr.obj
 0001:000062c0       ?SfAlign@@YAK_K0@Z         00000001800072c0 f i mp4wrtr.obj
 0001:000062d0       ?SfAudio_ChannelCountFromMask@@YAJK@Z 00000001800072d0 f i mp4wrtr.obj
 0001:000062e0       ?SfAudio_GetBitsPerSample@@YAKPEBU_sfwaveformat@@@Z 00000001800072e0 f i mp4wrtr.obj
 0001:00006300       ?SfAudio_GetChannelMaskForWfx@@YAKPEBU_sfwaveformat@@@Z 0000000180007300 f i mp4wrtr.obj
 0001:00006310       ?SfAudio_GetWaveFormatTag@@YAGPEBU_sfwaveformat@@@Z 0000000180007310 f i mp4wrtr.obj
 0001:00006320       ?SfAudio_InitWfx@@YAXPEAU_sfwaveformat@@KKKK@Z 0000000180007320 f i mp4wrtr.obj
 0001:00006350       ?SfAudio_InitWfx@@YAXPEAUtWAVEFORMATEX@@KKKK@Z 0000000180007350 f i mp4wrtr.obj
 0001:00006390       ?SfAudio_InitWfxSafe@@YAJPEAU_sfwaveformat@@KKKKKI@Z 0000000180007390 f i mp4wrtr.obj
 0001:00006400       ?SfFio_FreeTemplate@@YAJPEAUtagSFTEMPLATExV2@@@Z 0000000180007400 f i mp4wrtr.obj
 0001:00006430       ?SfFio_FreeTemplate@@YAJPEBUSfTemplatex@@@Z 0000000180007430 f i mp4wrtr.obj
 0001:00006450       ?SfInitLocalMemoryToken@@YAJAEAU_sfmemorytoken@@PEAXJJH@Z 0000000180007450 f i mp4wrtr.obj
 0001:000064c0       ?SfStrCatNW@@YAPEA_WPEA_WPEB_WH@Z 00000001800074c0 f i mp4wrtr.obj
 0001:000064f0       ?SfStrCmpA@@YAHPEBD0@Z     00000001800074f0 f i mp4wrtr.obj
 0001:00006500       ?SfStrCpyNA@@YAPEADPEADPEBDH@Z 0000000180007500 f i mp4wrtr.obj
 0001:00006540       ?SfStrCpyW@@YAPEA_WPEA_WPEB_W@Z 0000000180007540 f i mp4wrtr.obj
 0001:00006570       ?SfTStrFromOle@@YAHPEA_WPEB_WH@Z 0000000180007570 f i mp4wrtr.obj
 0001:000065e0       ?SfTemplatex_Init@@YAPEAUSfTemplatex@@PEAXII@Z 00000001800075e0 f i mp4wrtr.obj
 0001:00006640       ?SfTemplatex_Size@@YAIII@Z 0000000180007640 f i mp4wrtr.obj
 0001:00006650       ?SfWCFromMBCodePage@@YAHPEA_WPEBDHHI@Z 0000000180007650 f i mp4wrtr.obj
 0001:00006730       ?TemplateDestWfx@@YAPEBU_sfwaveformat@@PEBUtagSFTEMPLATExV2@@@Z 0000000180007730 f i mp4wrtr.obj
 0001:00006770       ?TemplateMCAACParams@@YAPEAUSFMCAAC_TEMPL_PARAMS@@PEAUtagSFTEMPLATExV2@@@Z 0000000180007770 f i mp4wrtr.obj
 0001:00006790       ?TemplateMCAACParams@@YAPEBUSFMCAAC_TEMPL_PARAMS@@PEBUtagSFTEMPLATExV2@@@Z 0000000180007790 f i mp4wrtr.obj
 0001:000067b0       ?Text@SfTemplatex@@QEBAPEA_WXZ 00000001800077b0 f i mp4wrtr.obj
 0001:000067e0       SfList_GetItem             00000001800077e0 f i mp4wrtr.obj
 0001:000067f0       SfList_InsertItem          00000001800077f0 f i mp4wrtr.obj
 0001:00006810       __local_stdio_printf_options 0000000180007810 f i mp4wrtr.obj
 0001:00006820       _vfprintf_l                0000000180007820 f i mp4wrtr.obj
 0001:00006880       _vsnprintf                 0000000180007880 f i mp4wrtr.obj
 0001:000068f0       _vsnprintf_l               00000001800078f0 f i mp4wrtr.obj
 0001:00006960       printf                     0000000180007960 f i mp4wrtr.obj
 0001:000069c0       ?SfGetHelpFilePath@@YAXPEA_WI@Z 00000001800079c0 f   helpers.obj
 0001:000069f0       ?CheckMP4Init@@YAXXZ       00000001800079f0 f   helpers.obj
 0001:00006de0       ?InitAacaenc@@YAJPEB_W@Z   0000000180007de0 f   helpers.obj
 0001:00006e20       ?InitMp4Mux@@YAJPEB_W@Z    0000000180007e20 f   helpers.obj
 0001:00006e50       IsolationAwareLoadLibraryExW 0000000180007e50 f i helpers.obj
 0001:00006f78       ??$?2PEAUHINSTANCE__@@@Wrapper@?$CSimpleArray@PEAUHINSTANCE__@@V?$CSimpleArrayEqualHelper@PEAUHINSTANCE__@@@ATL@@@ATL@@SAPEAX_KPEAPEAUHINSTANCE__@@@Z 0000000180007f78 f i atls:atlbase.obj
 0001:00006f7c       ??0?$CComCritSecLock@VCComCriticalSection@ATL@@@ATL@@QEAA@AEAVCComCriticalSection@1@_N@Z 0000000180007f7c f i atls:atlbase.obj
 0001:00006fa8       ??0?$CSimpleArray@PEAUHINSTANCE__@@V?$CSimpleArrayEqualHelper@PEAUHINSTANCE__@@@ATL@@@ATL@@QEAA@XZ 0000000180007fa8 f i atls:atlbase.obj
 0001:00006fb8       ??0CAtlBaseModule@ATL@@QEAA@XZ 0000000180007fb8 f   atls:atlbase.obj
 0001:00007060       ??0Wrapper@?$CSimpleArray@PEAUHINSTANCE__@@V?$CSimpleArrayEqualHelper@PEAUHINSTANCE__@@@ATL@@@ATL@@QEAA@AEBQEAUHINSTANCE__@@@Z 0000000180008060 f i atls:atlbase.obj
 0001:0000706c       ??0_ATL_BASE_MODULE70@ATL@@QEAA@XZ 000000018000806c f i atls:atlbase.obj
 0001:00007098       ??1?$CComCritSecLock@VCComCriticalSection@ATL@@@ATL@@QEAA@XZ 0000000180008098 f i atls:atlbase.obj
 0001:000070bc       ??1?$CSimpleArray@PEAUHINSTANCE__@@V?$CSimpleArrayEqualHelper@PEAUHINSTANCE__@@@ATL@@@ATL@@QEAA@XZ 00000001800080bc f i atls:atlbase.obj
 0001:000070e4       ??1CAtlBaseModule@ATL@@QEAA@XZ 00000001800080e4 f   atls:atlbase.obj
 0001:00007118       ??1_ATL_BASE_MODULE70@ATL@@QEAA@XZ 0000000180008118 f i atls:atlbase.obj
 0001:00007144       ??A?$CSimpleArray@PEAUHINSTANCE__@@V?$CSimpleArrayEqualHelper@PEAUHINSTANCE__@@@ATL@@@ATL@@QEAAAEAPEAUHINSTANCE__@@H@Z 0000000180008144 f i atls:atlbase.obj
 0001:00007170       ?Add@?$CSimpleArray@PEAUHINSTANCE__@@V?$CSimpleArrayEqualHelper@PEAUHINSTANCE__@@@ATL@@@ATL@@QEAAHAEBQEAUHINSTANCE__@@@Z 0000000180008170 f i atls:atlbase.obj
 0001:00007214       ?AddResourceInstance@CAtlBaseModule@ATL@@QEAA_NPEAUHINSTANCE__@@@Z 0000000180008214 f   atls:atlbase.obj
 0001:0000725c       ?AtlCrtErrorCheck@ATL@@YAHH@Z 000000018000825c f i atls:atlbase.obj
 0001:000072a0       ?AtlThrowImpl@ATL@@YAXJ@Z  00000001800082a0 f i atls:atlbase.obj
 0001:000072c4       ?GetHInstanceAt@CAtlBaseModule@ATL@@QEAAPEAUHINSTANCE__@@H@Z 00000001800082c4 f   atls:atlbase.obj
 0001:0000733c       ?GetSize@?$CSimpleArray@PEAUHINSTANCE__@@V?$CSimpleArrayEqualHelper@PEAUHINSTANCE__@@@ATL@@@ATL@@QEBAHXZ 000000018000833c f i atls:atlbase.obj
 0001:00007340       ?InternalSetAtIndex@?$CSimpleArray@PEAUHINSTANCE__@@V?$CSimpleArrayEqualHelper@PEAUHINSTANCE__@@@ATL@@@ATL@@QEAAXHAEBQEAUHINSTANCE__@@@Z 0000000180008340 f i atls:atlbase.obj
 0001:00007358       ?Lock@?$CComCritSecLock@VCComCriticalSection@ATL@@@ATL@@QEAAJXZ 0000000180008358 f i atls:atlbase.obj
 0001:00007378       ?Lock@CComCriticalSection@ATL@@QEAAJXZ 0000000180008378 f i atls:atlbase.obj
 0001:0000738c       ?RemoveAll@?$CSimpleArray@PEAUHINSTANCE__@@V?$CSimpleArrayEqualHelper@PEAUHINSTANCE__@@@ATL@@@ATL@@QEAAXXZ 000000018000838c f i atls:atlbase.obj
 0001:000073b4       ?RemoveAt@?$CSimpleArray@PEAUHINSTANCE__@@V?$CSimpleArrayEqualHelper@PEAUHINSTANCE__@@@ATL@@@ATL@@QEAAHH@Z 00000001800083b4 f i atls:atlbase.obj
 0001:0000744c       ?RemoveResourceInstance@CAtlBaseModule@ATL@@QEAA_NPEAUHINSTANCE__@@@Z 000000018000844c f   atls:atlbase.obj
 0001:000074d4       ?Unlock@?$CComCritSecLock@VCComCriticalSection@ATL@@@ATL@@QEAAXXZ 00000001800084d4 f i atls:atlbase.obj
 0001:000074f0       ?Unlock@CComCriticalSection@ATL@@QEAAJXZ 00000001800084f0 f i atls:atlbase.obj
 0001:00007504       ?memmove_s@Checked@ATL@@YAXPEAX_KPEBX1@Z 0000000180008504 f i atls:atlbase.obj
 0001:000075ac       ??_I@YAXPEAX_K1P6AX0@Z@Z   00000001800085ac f i atls:stdafx.obj
 0001:00007610       free_fifo_buf              0000000180008610 f   bufstream:buf_fifo.obj
 0001:00007640       new_fifo_buf               0000000180008640 f   bufstream:buf_fifo.obj
 0001:00007990       init_file_buf_write        0000000180008990 f   bufstream:buf_file.obj
 0001:00007a40       init_file_buf_write_flushable 0000000180008a40 f   bufstream:buf_file.obj
 0001:00007af0       init_file_buf_write_existing 0000000180008af0 f   bufstream:buf_file.obj
 0001:00007bf0       init_file_buf_read         0000000180008bf0 f   bufstream:buf_file.obj
 0001:00007d70       open_file_buf_write        0000000180008d70 f   bufstream:buf_file.obj
 0001:00007e40       open_file_buf_write_flushable 0000000180008e40 f   bufstream:buf_file.obj
 0001:00007f10       open_file_buf_write_existing 0000000180008f10 f   bufstream:buf_file.obj
 0001:00008020       open_file_buf_read         0000000180009020 f   bufstream:buf_file.obj
 0001:000081c0       close_file_buf             00000001800091c0 f   bufstream:buf_file.obj
 0001:0000a4d0       ?exit_file_buf_read@@YAXPEAUbufstream@@H@Z 000000018000b4d0 f   bufstream:buf_file.obj
 0001:0000a9b0       ??$__vcrt_va_start_verify_argument_type@QEB_W@@YAXXZ 000000018000b9b0 f i bufstream:buf_file.obj
 0001:0000a9c0       ?_wopen@@YAHPEB_WHH@Z      000000018000b9c0 f i bufstream:buf_file.obj
 0001:0000aa00       ?wcsrchr@@YAPEA_WPEA_W_W@Z 000000018000ba00 f i bufstream:buf_file.obj
 0001:0000aa10       _vswprintf_c_l             000000018000ba10 f i bufstream:buf_file.obj
 0001:0000aa80       swprintf                   000000018000ba80 f i bufstream:buf_file.obj
 0001:0000aae0       bseek_open_file_buf        000000018000bae0 f   bufstream:buf_seek.obj
 0001:0000ac40       bseek_close_file_buf       000000018000bc40 f   bufstream:buf_seek.obj
 0001:0000ac70       bseek_open_fifo_buf        000000018000bc70 f   bufstream:buf_seek.obj
 0001:0000ad80       bseek_close_fifo_buf       000000018000bd80 f   bufstream:buf_seek.obj
 0001:0000ae70       ?bseek_reorder@@YAEPEAUbufstream@@PEAUatom_info_t@@I@Z 000000018000be70 f   bufstream:buf_seek.obj
 0001:0000b6d0       fifo_new                   000000018000c6d0 f   bufstream:sr_fifo.obj
 0001:0000b790       fifo_free                  000000018000c790 f   bufstream:sr_fifo.obj
 0001:0000b7d0       fifo_r_filled              000000018000c7d0 f   bufstream:sr_fifo.obj
 0001:0000b800       fifo_r_sampbuf             000000018000c800 f   bufstream:sr_fifo.obj
 0001:0000b8a0       fifo_r_remove              000000018000c8a0 f   bufstream:sr_fifo.obj
 0001:0000b900       fifo_w_empty               000000018000c900 f   bufstream:sr_fifo.obj
 0001:0000b940       fifo_w_sampput             000000018000c940 f   bufstream:sr_fifo.obj
 0001:0000ba50       fifo_w_sampbuf             000000018000ca50 f   bufstream:sr_fifo.obj
 0001:0000bac0       fifo_w_commit              000000018000cac0 f   bufstream:sr_fifo.obj
 0001:0000bb50       ?fifo_w_audio_put_8to16@@YAXPEAUfifo_struct@@PEAEI@Z 000000018000cb50 f   bufstream:sr_fifo.obj
 0001:0000bd18       ??1CLog@@UEAA@XZ           000000018000cd18 f   ffplugsk64:ffplugsk64.dll
 0001:0000bd1e       SfLang_Open                000000018000cd1e f   ffplugsk64:ffplugsk64.dll
 0001:0000bd24       SfLang_Close               000000018000cd24 f   ffplugsk64:ffplugsk64.dll
 0001:0000bd2a       Mpeg4MetaStartUp           000000018000cd2a f   ffplugsk64:ffplugsk64.dll
 0001:0000bd30       Mpeg4MetaShutDown          000000018000cd30 f   ffplugsk64:ffplugsk64.dll
 0001:0000bd36       ?InitAsWfx@_sfwaveformat@@QEAAXGKGGKK@Z 000000018000cd36 f   ffplugsk64:ffplugsk64.dll
 0001:0000bd3c       ?FormatTag@_sfwaveformat@@QEBAGXZ 000000018000cd3c f   ffplugsk64:ffplugsk64.dll
 0001:0000bd42       ?BitsPerSample@_sfwaveformat@@QEBAGXZ 000000018000cd42 f   ffplugsk64:ffplugsk64.dll
 0001:0000bd48       SfList_InsertList          000000018000cd48 f   ffplugsk64:ffplugsk64.dll
 0001:0000bd4e       SfList_DeleteList          000000018000cd4e f   ffplugsk64:ffplugsk64.dll
 0001:0000bd54       SfList_Destroy             000000018000cd54 f   ffplugsk64:ffplugsk64.dll
 0001:0000bd5a       SfList_CreateExZ           000000018000cd5a f   ffplugsk64:ffplugsk64.dll
 0001:0000bd60       SfLang_GetLCID             000000018000cd60 f   ffplugsk64:ffplugsk64.dll
 0001:0000bd66       SfLang_UpdateKernelLCID    000000018000cd66 f   ffplugsk64:ffplugsk64.dll
 0001:0000bd6c       ?SfGetString@@YAPEB_WPEAUHSFLANG__@@I@Z 000000018000cd6c f   ffplugsk64:ffplugsk64.dll
 0001:0000bd72       ?SfLoadString@@YAHPEAUHSFLANG__@@IPEA_WH@Z 000000018000cd72 f   ffplugsk64:ffplugsk64.dll
 0001:0000bd78       SfCchPrintF                000000018000cd78 f   ffplugsk64:ffplugsk64.dll
 0001:0000bd7e       SfGetModuleFileName        000000018000cd7e f   ffplugsk64:ffplugsk64.dll
 0001:0000bd84       ?SfFio_ConstrainValueToTable@@YAKKPEBKIHPEAH@Z 000000018000cd84 f   ffplugsk64:ffplugsk64.dll
 0001:0000bd8a       ?SfFio_GetMetric@@YAKPEAUISfFileIOManager@@HK@Z 000000018000cd8a f   ffplugsk64:ffplugsk64.dll
 0001:0000bd90       ?SfFio_GetMetricBool@@YAHPEAUISfFileIOManager@@HH@Z 000000018000cd90 f   ffplugsk64:ffplugsk64.dll
 0001:0000bd96       ?SfFio_GetTemplateInfo@@YAJPEBUtagSFTEMPLATExV2@@KPEAXIW4SFFIO_TEMPLATE_INFO@@@Z 000000018000cd96 f   ffplugsk64:ffplugsk64.dll
 0001:0000bd9c       ?SfFio_SetTemplate@@YAJAEAPEAUtagSFTEMPLATExV2@@PEBU1@K@Z 000000018000cd9c f   ffplugsk64:ffplugsk64.dll
 0001:0000bda2       ?SfFio_FillBstrArrayFromStringResourceMap@@YAJPEAUHSFLANG__@@PEBW4SFFIO_FILECLASS_INFO_TEXT@@KPEAPEA_WPEBUFILECLASS_INFO_STRING_MAP@@KPEB_W@Z 000000018000cda2 f   ffplugsk64:ffplugsk64.dll
 0001:0000bda8       ?SfFio_CopyTemplate@@YAJPEAPEAUtagSFTEMPLATExV2@@PEBU1@@Z 000000018000cda8 f   ffplugsk64:ffplugsk64.dll
 0001:0000bdae       SfAboutBox                 000000018000cdae f   ffplugsk64:ffplugsk64.dll
 0001:0000bdb4       ??1BaseRenderFile@ffbase@@UEAA@XZ 000000018000cdb4 f   ffplugsk64:ffplugsk64.dll
 0001:0000bdba       ?QueryInterface@BaseRenderFile@ffbase@@UEAAJAEBU_GUID@@PEAPEAX@Z 000000018000cdba f   ffplugsk64:ffplugsk64.dll
 0001:0000bdc0       ?AddRef@BaseRenderFile@ffbase@@UEAAKXZ 000000018000cdc0 f   ffplugsk64:ffplugsk64.dll
 0001:0000bdc6       ?Release@BaseRenderFile@ffbase@@UEAAKXZ 000000018000cdc6 f   ffplugsk64:ffplugsk64.dll
 0001:0000bdcc       ?CloseFile@BaseRenderFile@ffbase@@UEAAJXZ 000000018000cdcc f   ffplugsk64:ffplugsk64.dll
 0001:0000bdd2       ?IsFileOpen@BaseRenderFile@ffbase@@UEAAJXZ 000000018000cdd2 f   ffplugsk64:ffplugsk64.dll
 0001:0000bdd8       ?OpenFile@BaseRenderFile@ffbase@@UEAAJKK@Z 000000018000cdd8 f   ffplugsk64:ffplugsk64.dll
 0001:0000bdde       ?SetFile@BaseRenderFile@ffbase@@UEAAJPEB_W@Z 000000018000cdde f   ffplugsk64:ffplugsk64.dll
 0001:0000bde4       ?GetFileName@BaseRenderFile@ffbase@@UEAAJPEA_WI@Z 000000018000cde4 f   ffplugsk64:ffplugsk64.dll
 0001:0000bdea       ?GetRenderFileClass@BaseRenderFile@ffbase@@UEAAJPEAPEAUISfRenderFileClass@@@Z 000000018000cdea f   ffplugsk64:ffplugsk64.dll
 0001:0000bdf0       ?GetStreamCount@BaseRenderFile@ffbase@@UEAAJPEAJ@Z 000000018000cdf0 f   ffplugsk64:ffplugsk64.dll
 0001:0000bdf6       ?GetStreamFormatInfo@BaseRenderFile@ffbase@@UEAAJQEAU_SFFILESTREAMFORMATINFOv2@@JJ@Z 000000018000cdf6 f   ffplugsk64:ffplugsk64.dll
 0001:0000bdfc       ?SetStreamFormatInfo@BaseRenderFile@ffbase@@UEAAJQEAU_SFFILESTREAMFORMATINFOv2@@J@Z 000000018000cdfc f   ffplugsk64:ffplugsk64.dll
 0001:0000be02       ?SetStreamReader@BaseRenderFile@ffbase@@UEAAJPEAUISfReadStream@@J@Z 000000018000ce02 f   ffplugsk64:ffplugsk64.dll
 0001:0000be08       ?SetMetaReader@BaseRenderFile@ffbase@@UEAAJPEAUISfReadMeta@@@Z 000000018000ce08 f   ffplugsk64:ffplugsk64.dll
 0001:0000be0e       ?GetTemplate@BaseRenderFile@ffbase@@UEAAJPEAPEAUtagSFTEMPLATExV2@@K@Z 000000018000ce0e f   ffplugsk64:ffplugsk64.dll
 0001:0000be14       ?UpdateMetaData@BaseRenderFile@ffbase@@UEAAJKW4SFFIO_TEXT_ENCODE_TYPE@@@Z 000000018000ce14 f   ffplugsk64:ffplugsk64.dll
 0001:0000be1a       ?Render@BaseRenderFile@ffbase@@UEAAJPEAUISfProgress@@@Z 000000018000ce1a f   ffplugsk64:ffplugsk64.dll
 0001:0000be20       ?EstimateFileSize@BaseRenderFile@ffbase@@UEAAJPEA_J@Z 000000018000ce20 f   ffplugsk64:ffplugsk64.dll
 0001:0000be26       ?ApplyMetadataToFile@ffbase@@YAJPEB_WPEAUISfReadMeta@@@Z 000000018000ce26 f   ffplugsk64:ffplugsk64.dll
 0001:0000be2c       SfAddSlashToPathName       000000018000ce2c f   ffplugsk64:ffplugsk64.dll
 0001:0000be32       SfGetModulePath            000000018000ce32 f   ffplugsk64:ffplugsk64.dll
 0001:0000be38       SfHelp_CreatePluginHelpFilePath 000000018000ce38 f   ffplugsk64:ffplugsk64.dll
 0001:0000be3e       SysFreeString              000000018000ce3e f   oleaut32:OLEAUT32.dll
 0001:0000be44       SysAllocStringLen          000000018000ce44 f   oleaut32:OLEAUT32.dll
 0001:0000be4a       OutputDebugStringA         000000018000ce4a f   kernel32:KERNEL32.dll
 0001:0000be50       DecodePointer              000000018000ce50 f   kernel32:KERNEL32.dll
 0001:0000be56       CloseHandle                000000018000ce56 f   kernel32:KERNEL32.dll
 0001:0000be5c       DuplicateHandle            000000018000ce5c f   kernel32:KERNEL32.dll
 0001:0000be62       RaiseException             000000018000ce62 f   kernel32:KERNEL32.dll
 0001:0000be68       GetLastError               000000018000ce68 f   kernel32:KERNEL32.dll
 0001:0000be6e       SetLastError               000000018000ce6e f   kernel32:KERNEL32.dll
 0001:0000be74       InitializeCriticalSectionEx 000000018000ce74 f   kernel32:KERNEL32.dll
 0001:0000be7a       DeleteCriticalSection      000000018000ce7a f   kernel32:KERNEL32.dll
 0001:0000be80       GetCurrentProcess          000000018000ce80 f   kernel32:KERNEL32.dll
 0001:0000be86       GetCurrentProcessId        000000018000ce86 f   kernel32:KERNEL32.dll
 0001:0000be8c       OpenProcess                000000018000ce8c f   kernel32:KERNEL32.dll
 0001:0000be92       ReadProcessMemory          000000018000ce92 f   kernel32:KERNEL32.dll
 0001:0000be98       WriteProcessMemory         000000018000ce98 f   kernel32:KERNEL32.dll
 0001:0000be9e       CreateFileMappingW         000000018000ce9e f   kernel32:KERNEL32.dll
 0001:0000bea4       MapViewOfFile              000000018000cea4 f   kernel32:KERNEL32.dll
 0001:0000beaa       UnmapViewOfFile            000000018000ceaa f   kernel32:KERNEL32.dll
 0001:0000beb0       GetModuleFileNameW         000000018000ceb0 f   kernel32:KERNEL32.dll
 0001:0000beb6       GetModuleHandleExW         000000018000ceb6 f   kernel32:KERNEL32.dll
 0001:0000bebc       LoadLibraryW               000000018000cebc f   kernel32:KERNEL32.dll
 0001:0000bec2       GlobalAlloc                000000018000cec2 f   kernel32:KERNEL32.dll
 0001:0000bec8       GlobalUnlock               000000018000cec8 f   kernel32:KERNEL32.dll
 0001:0000bece       GlobalLock                 000000018000cece f   kernel32:KERNEL32.dll
 0001:0000bed4       GlobalHandle               000000018000ced4 f   kernel32:KERNEL32.dll
 0001:0000beda       GlobalFree                 000000018000ceda f   kernel32:KERNEL32.dll
 0001:0000bee0       CreateActCtxW              000000018000cee0 f   kernel32:KERNEL32.dll
 0001:0000bee6       ActivateActCtx             000000018000cee6 f   kernel32:KERNEL32.dll
 0001:0000beec       DeactivateActCtx           000000018000ceec f   kernel32:KERNEL32.dll
 0001:0000bef2       FindActCtxSectionStringW   000000018000cef2 f   kernel32:KERNEL32.dll
 0001:0000bef8       QueryActCtxW               000000018000cef8 f   kernel32:KERNEL32.dll
 0001:0000befe       CreateMutexW               000000018000cefe f   kernel32:KERNEL32.dll
 0001:0000bf04       DisableThreadLibraryCalls  000000018000cf04 f   kernel32:KERNEL32.dll
 0001:0000bf0a       FreeLibrary                000000018000cf0a f   kernel32:KERNEL32.dll
 0001:0000bf10       CreateFileW                000000018000cf10 f   kernel32:KERNEL32.dll
 0001:0000bf16       SetEndOfFile               000000018000cf16 f   kernel32:KERNEL32.dll
 0001:0000bf1c       SetFilePointerEx           000000018000cf1c f   kernel32:KERNEL32.dll
 0001:0000bf22       lstrcmpA                   000000018000cf22 f   kernel32:KERNEL32.dll
 0001:0000bf28       lstrcpynA                  000000018000cf28 f   kernel32:KERNEL32.dll
 0001:0000bf2e       MultiByteToWideChar        000000018000cf2e f   kernel32:KERNEL32.dll
 0001:0000bf34       GetProcAddress             000000018000cf34 f   kernel32:KERNEL32.dll
 0001:0000bf3a       LoadLibraryExW             000000018000cf3a f   kernel32:KERNEL32.dll
 0001:0000bf40       IsDebuggerPresent          000000018000cf40 f   kernel32:KERNEL32.dll
 0001:0000bf46       OutputDebugStringW         000000018000cf46 f   kernel32:KERNEL32.dll
 0001:0000bf4c       EnterCriticalSection       000000018000cf4c f   kernel32:KERNEL32.dll
 0001:0000bf52       LeaveCriticalSection       000000018000cf52 f   kernel32:KERNEL32.dll
 0001:0000bf58       UnregisterClassW           000000018000cf58 f   user32:USER32.dll
 0001:0000bf60       ??_M@YAXPEAX_K1P6AX0@Z@Z   000000018000cf60 f   msvcrt:ehvecdtr.obj
 0001:0000bfcc       ??_M@YAXPEAX_KHP6AX0@Z@Z   000000018000cfcc f   msvcrt:ehvecdtr.obj
 0001:0000bff0       ?__ArrayUnwind@@YAXPEAX_K1P6AX0@Z@Z 000000018000cff0 f   msvcrt:ehvecdtr.obj
 0001:0000c054       ??3@YAXPEAX_K@Z            000000018000d054 f   msvcrt:delete_scalar_size.obj
 0001:0000c05c       ??_V@YAXPEAX_K@Z           000000018000d05c f   msvcrt:delete_array_size.obj
 0001:0000c064       ??$__crt_fast_decode_pointer@PEAP6AXXZ@@YAPEAP6AXXZQEAP6AXXZ@Z 000000018000d064 f i msvcrt:utility.obj
 0001:0000c07c       ??$__crt_fast_encode_pointer@PEAP6AXXZ@@YAPEAP6AXXZQEAP6AXXZ@Z 000000018000d07c f i msvcrt:utility.obj
 0001:0000c09c       ?__crt_rotate_pointer_value@@YA_K_KH@Z 000000018000d09c f i msvcrt:utility.obj
 0001:0000c0a8       ?configure_argv@__scrt_narrow_argv_policy@@SAHXZ 000000018000d0a8 f i msvcrt:utility.obj
 0001:0000c108       ?initialize_environment@__scrt_narrow_environment_policy@@SAHXZ 000000018000d108 f i msvcrt:utility.obj
 0001:0000c140       NtCurrentTeb               000000018000d140 f i msvcrt:utility.obj
 0001:0000c14c       __scrt_acquire_startup_lock 000000018000d14c f   msvcrt:utility.obj
 0001:0000c188       __scrt_dllmain_after_initialize_c 000000018000d188 f   msvcrt:utility.obj
 0001:0000c1bc       __scrt_dllmain_before_initialize_c 000000018000d1bc f   msvcrt:utility.obj
 0001:0000c1d4       __scrt_dllmain_crt_thread_attach 000000018000d1d4 f   msvcrt:utility.obj
 0001:0000c1fc       __scrt_dllmain_crt_thread_detach 000000018000d1fc f   msvcrt:utility.obj
 0001:0000c214       __scrt_dllmain_exception_filter 000000018000d214 f   msvcrt:utility.obj
 0001:0000c278       __scrt_dllmain_uninitialize_c 000000018000d278 f   msvcrt:utility.obj
 0001:0000c2a8       __scrt_dllmain_uninitialize_critical 000000018000d2a8 f   msvcrt:utility.obj
 0001:0000c2bc       __scrt_initialize_crt      000000018000d2bc f   msvcrt:utility.obj
 0001:0000c308       __scrt_initialize_onexit_tables 000000018000d308 f   msvcrt:utility.obj
 0001:0000c3e8       __scrt_is_nonwritable_in_current_image 000000018000d3e8 f   msvcrt:utility.obj
 0001:0000c484       __scrt_release_startup_lock 000000018000d484 f   msvcrt:utility.obj
 0001:0000c4a8       __scrt_uninitialize_crt    000000018000d4a8 f   msvcrt:utility.obj
 0001:0000c4d4       _onexit                    000000018000d4d4 f   msvcrt:utility.obj
 0001:0000c524       at_quick_exit              000000018000d524 f   msvcrt:utility.obj
 0001:0000c55c       atexit                     000000018000d55c f   msvcrt:utility.obj
 0001:0000c574       __GSHandlerCheck           000000018000d574 f   msvcrt:_gshandler_.obj
 0001:0000c594       __GSHandlerCheckCommon     000000018000d594 f   msvcrt:_gshandler_.obj
 0001:0000c5f0       __GSHandlerCheck_SEH       000000018000d5f0 f   msvcrt:_gshandlerseh_.obj
 0001:0000c690       __security_check_cookie    000000018000d690 f   msvcrt:_amdsecgs_.obj
 0001:0000c6b4       ??1type_info@@UEAA@XZ      000000018000d6b4 f   msvcrt:std_type_info_static.obj
 0001:0000c6c0       ??_Etype_info@@UEAAPEAXI@Z 000000018000d6c0 f i msvcrt:std_type_info_static.obj
 0001:0000c6c0       ??_Gtype_info@@UEAAPEAXI@Z 000000018000d6c0 f i msvcrt:std_type_info_static.obj
 0001:0000c700       _alloca_probe              000000018000d700 f   msvcrt:_chkstk_.obj
 0001:0000c700       __chkstk                   000000018000d700 f   msvcrt:_chkstk_.obj
 0001:0000ca90       _CRT_INIT                  000000018000da90 f   msvcrt:dll_dllmain.obj
 0001:0000ca98       _DllMainCRTStartup         000000018000da98 f   msvcrt:dll_dllmain.obj
 0001:0000cad8       _guard_check_icall         000000018000dad8 f i msvcrt:checkcfg.obj
 0001:0000cae0       __isa_available_init       000000018000dae0 f   msvcrt:_cpu_disp_.obj
 0001:0000cc9c       _get_startup_argv_mode     000000018000dc9c f   msvcrt:argv_mode.obj
 0001:0000cca4       __scrt_is_ucrt_dll_in_use  000000018000dca4 f   msvcrt:ucrt_detection.obj
 0001:0000ccb0       __crt_debugger_hook        000000018000dcb0 f   msvcrt:utility_desktop.obj
 0001:0000ccb8       __scrt_fastfail            000000018000dcb8 f   msvcrt:utility_desktop.obj
 0001:0000ce04       __scrt_get_show_window_mode 000000018000de04 f   msvcrt:utility_desktop.obj
 0001:0000ce40       __scrt_initialize_winrt    000000018000de40 f   msvcrt:utility_desktop.obj
 0001:0000ce44       __scrt_is_managed_app      000000018000de44 f   msvcrt:utility_desktop.obj
 0001:0000ce98       __scrt_set_unhandled_exception_filter 000000018000de98 f   msvcrt:utility_desktop.obj
 0001:0000cea8       __scrt_unhandled_exception_filter 000000018000dea8 f   msvcrt:utility_desktop.obj
 0001:0000cee0       __raise_securityfailure    000000018000dee0 f   msvcrt:gs_report.obj
 0001:0000cf14       __report_gsfailure         000000018000df14 f   msvcrt:gs_report.obj
 0001:0000cfe8       __report_rangecheckfailure 000000018000dfe8 f   msvcrt:gs_report.obj
 0001:0000cffc       __report_securityfailure   000000018000dffc f   msvcrt:gs_report.obj
 0001:0000d098       __report_securityfailureEx 000000018000e098 f   msvcrt:gs_report.obj
 0001:0000d2f8       __security_init_cookie     000000018000e2f8 f   msvcrt:gs_support.obj
 0001:0000d3a4       ?__scrt_initialize_type_info@@YAXXZ 000000018000e3a4 f   msvcrt:tncleanup.obj
 0001:0000d3b4       ?__scrt_uninitialize_type_info@@YAXXZ 000000018000e3b4 f   msvcrt:tncleanup.obj
 0001:0000d3c0       __local_stdio_scanf_options 000000018000e3c0 f i msvcrt:default_local_stdio_options.obj
 0001:0000d3c8       __scrt_initialize_default_local_stdio_options 000000018000e3c8 f   msvcrt:default_local_stdio_options.obj
 0001:0000d3e4       __scrt_get_dyn_tls_init_callback 000000018000e3e4 f   msvcrt:dyn_tls_init.obj
 0001:0000d3ec       _RTC_Initialize            000000018000e3ec f   msvcrt:_initsect_.obj
 0001:0000d438       _RTC_Terminate             000000018000e438 f   msvcrt:_initsect_.obj
 0001:0000d484       _guard_check_icall_nop     000000018000e484 f i msvcrt:guard_support.obj
 0001:0000d488       ReadNoFence64              000000018000e488 f i msvcrt:guard_support.obj
 0001:0000d48c       ReadPointerNoFence         000000018000e48c f i msvcrt:guard_support.obj
 0001:0000d490       __guard_ss_common_verify_stub 000000018000e490 f i msvcrt:guard_support.obj
 0001:0000d494       _guard_icall_checks_enforced 000000018000e494 f i msvcrt:guard_support.obj
 0001:0000d4ac       _guard_rf_checks_enforced  000000018000e4ac f i msvcrt:guard_support.obj
 0001:0000d4d0       __std_terminate            000000018000e4d0 f   vcruntime:VCRUNTIME140.dll
 0001:0000d4d6       __C_specific_handler       000000018000e4d6 f   vcruntime:VCRUNTIME140.dll
 0001:0000d4dc       __CxxFrameHandler3         000000018000e4dc f   vcruntime:VCRUNTIME140.dll
 0001:0000d4e2       memcpy                     000000018000e4e2 f   vcruntime:VCRUNTIME140.dll
 0001:0000d4e8       memset                     000000018000e4e8 f   vcruntime:VCRUNTIME140.dll
 0001:0000d4ee       _purecall                  000000018000e4ee f   vcruntime:VCRUNTIME140.dll
 0001:0000d4f4       memmove                    000000018000e4f4 f   vcruntime:VCRUNTIME140.dll
 0001:0000d4fa       wcsrchr                    000000018000e4fa f   vcruntime:VCRUNTIME140.dll
 0001:0000d500       __std_type_info_destroy_list 000000018000e500 f   vcruntime:VCRUNTIME140.dll
 0001:0000d506       free                       000000018000e506 f   ucrt:api-ms-win-crt-heap-l1-1-0.dll
 0001:0000d50c       wcsncpy_s                  000000018000e50c f   ucrt:api-ms-win-crt-string-l1-1-0.dll
 0001:0000d512       calloc                     000000018000e512 f   ucrt:api-ms-win-crt-heap-l1-1-0.dll
 0001:0000d518       malloc                     000000018000e518 f   ucrt:api-ms-win-crt-heap-l1-1-0.dll
 0001:0000d51e       wcsncat_s                  000000018000e51e f   ucrt:api-ms-win-crt-string-l1-1-0.dll
 0001:0000d524       __acrt_iob_func            000000018000e524 f   ucrt:api-ms-win-crt-stdio-l1-1-0.dll
 0001:0000d52a       __stdio_common_vfprintf    000000018000e52a f   ucrt:api-ms-win-crt-stdio-l1-1-0.dll
 0001:0000d530       __stdio_common_vsprintf    000000018000e530 f   ucrt:api-ms-win-crt-stdio-l1-1-0.dll
 0001:0000d536       _invalid_parameter_noinfo  000000018000e536 f   ucrt:api-ms-win-crt-runtime-l1-1-0.dll
 0001:0000d53c       _errno                     000000018000e53c f   ucrt:api-ms-win-crt-runtime-l1-1-0.dll
 0001:0000d542       _recalloc                  000000018000e542 f   ucrt:api-ms-win-crt-heap-l1-1-0.dll
 0001:0000d548       _wfopen                    000000018000e548 f   ucrt:api-ms-win-crt-stdio-l1-1-0.dll
 0001:0000d54e       __stdio_common_vswprintf   000000018000e54e f   ucrt:api-ms-win-crt-stdio-l1-1-0.dll
 0001:0000d554       fclose                     000000018000e554 f   ucrt:api-ms-win-crt-stdio-l1-1-0.dll
 0001:0000d55a       fflush                     000000018000e55a f   ucrt:api-ms-win-crt-stdio-l1-1-0.dll
 0001:0000d560       fread                      000000018000e560 f   ucrt:api-ms-win-crt-stdio-l1-1-0.dll
 0001:0000d566       fseek                      000000018000e566 f   ucrt:api-ms-win-crt-stdio-l1-1-0.dll
 0001:0000d56c       fwrite                     000000018000e56c f   ucrt:api-ms-win-crt-stdio-l1-1-0.dll
 0001:0000d572       _wsopen_dispatch           000000018000e572 f   ucrt:api-ms-win-crt-stdio-l1-1-0.dll
 0001:0000d578       _close                     000000018000e578 f   ucrt:api-ms-win-crt-stdio-l1-1-0.dll
 0001:0000d57e       _read                      000000018000e57e f   ucrt:api-ms-win-crt-stdio-l1-1-0.dll
 0001:0000d584       _write                     000000018000e584 f   ucrt:api-ms-win-crt-stdio-l1-1-0.dll
 0001:0000d58a       _lseeki64                  000000018000e58a f   ucrt:api-ms-win-crt-stdio-l1-1-0.dll
 0001:0000d590       _wstat64                   000000018000e590 f   ucrt:api-ms-win-crt-filesystem-l1-1-0.dll
 0001:0000d596       terminate                  000000018000e596 f   ucrt:api-ms-win-crt-runtime-l1-1-0.dll
 0001:0000d59c       _seh_filter_dll            000000018000e59c f   ucrt:api-ms-win-crt-runtime-l1-1-0.dll
 0001:0000d5a2       _configure_narrow_argv     000000018000e5a2 f   ucrt:api-ms-win-crt-runtime-l1-1-0.dll
 0001:0000d5a8       _initialize_narrow_environment 000000018000e5a8 f   ucrt:api-ms-win-crt-runtime-l1-1-0.dll
 0001:0000d5ae       _initialize_onexit_table   000000018000e5ae f   ucrt:api-ms-win-crt-runtime-l1-1-0.dll
 0001:0000d5b4       _register_onexit_function  000000018000e5b4 f   ucrt:api-ms-win-crt-runtime-l1-1-0.dll
 0001:0000d5ba       _execute_onexit_table      000000018000e5ba f   ucrt:api-ms-win-crt-runtime-l1-1-0.dll
 0001:0000d5c0       _crt_atexit                000000018000e5c0 f   ucrt:api-ms-win-crt-runtime-l1-1-0.dll
 0001:0000d5c6       _crt_at_quick_exit         000000018000e5c6 f   ucrt:api-ms-win-crt-runtime-l1-1-0.dll
 0001:0000d5cc       _cexit                     000000018000e5cc f   ucrt:api-ms-win-crt-runtime-l1-1-0.dll
 0001:0000d5d2       _initterm                  000000018000e5d2 f   ucrt:api-ms-win-crt-runtime-l1-1-0.dll
 0001:0000d5d8       _initterm_e                000000018000e5d8 f   ucrt:api-ms-win-crt-runtime-l1-1-0.dll
 0001:0000d5de       RtlCaptureContext          000000018000e5de f   kernel32:KERNEL32.dll
 0001:0000d5e4       RtlLookupFunctionEntry     000000018000e5e4 f   kernel32:KERNEL32.dll
 0001:0000d5ea       RtlVirtualUnwind           000000018000e5ea f   kernel32:KERNEL32.dll
 0001:0000d5f0       UnhandledExceptionFilter   000000018000e5f0 f   kernel32:KERNEL32.dll
 0001:0000d5f6       SetUnhandledExceptionFilter 000000018000e5f6 f   kernel32:KERNEL32.dll
 0001:0000d5fc       GetStartupInfoW            000000018000e5fc f   kernel32:KERNEL32.dll
 0001:0000d602       IsProcessorFeaturePresent  000000018000e602 f   kernel32:KERNEL32.dll
 0001:0000d608       GetModuleHandleW           000000018000e608 f   kernel32:KERNEL32.dll
 0001:0000d60e       TerminateProcess           000000018000e60e f   kernel32:KERNEL32.dll
 0001:0000d614       QueryPerformanceCounter    000000018000e614 f   kernel32:KERNEL32.dll
 0001:0000d61a       GetCurrentThreadId         000000018000e61a f   kernel32:KERNEL32.dll
 0001:0000d620       GetSystemTimeAsFileTime    000000018000e620 f   kernel32:KERNEL32.dll
 0001:0000d626       InitializeSListHead        000000018000e626 f   kernel32:KERNEL32.dll
 0001:0000d62c       __scrt_stub_for_acrt_initialize 000000018000e62c f   msvcrt:ucrt_stubs.obj
 0001:0000d62c       __acrt_initialize          000000018000e62c f   msvcrt:ucrt_stubs.obj
 0001:0000d62c       __vcrt_initialize          000000018000e62c f   msvcrt:ucrt_stubs.obj
 0001:0000d630       __scrt_stub_for_acrt_thread_attach 000000018000e630 f   msvcrt:ucrt_stubs.obj
 0001:0000d630       __vcrt_thread_attach       000000018000e630 f   msvcrt:ucrt_stubs.obj
 0001:0000d630       __acrt_thread_attach       000000018000e630 f   msvcrt:ucrt_stubs.obj
 0001:0000d634       __acrt_thread_detach       000000018000e634 f   msvcrt:ucrt_stubs.obj
 0001:0000d634       __scrt_stub_for_acrt_thread_detach 000000018000e634 f   msvcrt:ucrt_stubs.obj
 0001:0000d634       __vcrt_thread_detach       000000018000e634 f   msvcrt:ucrt_stubs.obj
 0001:0000d638       __vcrt_uninitialize        000000018000e638 f   msvcrt:ucrt_stubs.obj
 0001:0000d638       __acrt_uninitialize        000000018000e638 f   msvcrt:ucrt_stubs.obj
 0001:0000d638       __scrt_stub_for_acrt_uninitialize 000000018000e638 f   msvcrt:ucrt_stubs.obj
 0001:0000d63c       __acrt_uninitialize_critical 000000018000e63c f   msvcrt:ucrt_stubs.obj
 0001:0000d63c       __scrt_stub_for_acrt_uninitialize_critical 000000018000e63c f   msvcrt:ucrt_stubs.obj
 0001:0000d63c       __vcrt_uninitialize_critical 000000018000e63c f   msvcrt:ucrt_stubs.obj
 0001:0000d640       _is_c_termination_complete 000000018000e640 f   msvcrt:ucrt_stubs.obj
 0001:0000d640       __scrt_stub_for_is_c_termination_complete 000000018000e640 f   msvcrt:ucrt_stubs.obj
 0001:0000d660       _guard_dispatch_icall_nop  000000018000e660 f   msvcrt:_guard_dispatch_.obj
 0001:0000d680       __guard_ss_verify_failure  000000018000e680 f   msvcrt:_rfgfailure_.obj
 0001:0000d68b       __guard_ss_verify_failure_rcx 000000018000e68b     msvcrt:_rfgfailure_.obj
 0001:0000d691       __guard_ss_verify_failure_rdx 000000018000e691     msvcrt:_rfgfailure_.obj
 0001:0000d697       __guard_ss_verify_failure_r8 000000018000e697     msvcrt:_rfgfailure_.obj
 0001:0000d69d       __guard_ss_verify_failure_r9 000000018000e69d     msvcrt:_rfgfailure_.obj
 0001:0000d6a3       __guard_ss_verify_failure_r10 000000018000e6a3     msvcrt:_rfgfailure_.obj
 0001:0000d6b0       __guard_ss_verify_failure_default 000000018000e6b0 f   msvcrt:_rfgfailure_.obj
 0001:0000d710       __guard_ss_verify_sp       000000018000e710 f   msvcrt:_rfgfailure_.obj
 0001:0000d720       __guard_ss_verify_sp_default 000000018000e720 f   msvcrt:_rfgfailure_.obj
 0002:00000000       __imp_QueryActCtxW         000000018000f000     kernel32:KERNEL32.dll
 0002:00000008       __imp_GetSystemTimeAsFileTime 000000018000f008     kernel32:KERNEL32.dll
 0002:00000010       __imp_GetCurrentThreadId   000000018000f010     kernel32:KERNEL32.dll
 0002:00000018       __imp_QueryPerformanceCounter 000000018000f018     kernel32:KERNEL32.dll
 0002:00000020       __imp_TerminateProcess     000000018000f020     kernel32:KERNEL32.dll
 0002:00000028       __imp_GetModuleHandleW     000000018000f028     kernel32:KERNEL32.dll
 0002:00000030       __imp_IsProcessorFeaturePresent 000000018000f030     kernel32:KERNEL32.dll
 0002:00000038       __imp_GetStartupInfoW      000000018000f038     kernel32:KERNEL32.dll
 0002:00000040       __imp_SetUnhandledExceptionFilter 000000018000f040     kernel32:KERNEL32.dll
 0002:00000048       __imp_UnhandledExceptionFilter 000000018000f048     kernel32:KERNEL32.dll
 0002:00000050       __imp_RtlVirtualUnwind     000000018000f050     kernel32:KERNEL32.dll
 0002:00000058       __imp_RtlLookupFunctionEntry 000000018000f058     kernel32:KERNEL32.dll
 0002:00000060       __imp_RtlCaptureContext    000000018000f060     kernel32:KERNEL32.dll
 0002:00000068       __imp_LeaveCriticalSection 000000018000f068     kernel32:KERNEL32.dll
 0002:00000070       __imp_EnterCriticalSection 000000018000f070     kernel32:KERNEL32.dll
 0002:00000078       __imp_OutputDebugStringW   000000018000f078     kernel32:KERNEL32.dll
 0002:00000080       __imp_IsDebuggerPresent    000000018000f080     kernel32:KERNEL32.dll
 0002:00000088       __imp_LoadLibraryExW       000000018000f088     kernel32:KERNEL32.dll
 0002:00000090       __imp_GetProcAddress       000000018000f090     kernel32:KERNEL32.dll
 0002:00000098       __imp_MultiByteToWideChar  000000018000f098     kernel32:KERNEL32.dll
 0002:000000a0       __imp_lstrcpynA            000000018000f0a0     kernel32:KERNEL32.dll
 0002:000000a8       __imp_lstrcmpA             000000018000f0a8     kernel32:KERNEL32.dll
 0002:000000b0       __imp_SetFilePointerEx     000000018000f0b0     kernel32:KERNEL32.dll
 0002:000000b8       __imp_SetEndOfFile         000000018000f0b8     kernel32:KERNEL32.dll
 0002:000000c0       __imp_CreateFileW          000000018000f0c0     kernel32:KERNEL32.dll
 0002:000000c8       __imp_FreeLibrary          000000018000f0c8     kernel32:KERNEL32.dll
 0002:000000d0       __imp_DisableThreadLibraryCalls 000000018000f0d0     kernel32:KERNEL32.dll
 0002:000000d8       __imp_CreateMutexW         000000018000f0d8     kernel32:KERNEL32.dll
 0002:000000e0       __imp_InitializeSListHead  000000018000f0e0     kernel32:KERNEL32.dll
 0002:000000e8       __imp_FindActCtxSectionStringW 000000018000f0e8     kernel32:KERNEL32.dll
 0002:000000f0       __imp_DeactivateActCtx     000000018000f0f0     kernel32:KERNEL32.dll
 0002:000000f8       __imp_ActivateActCtx       000000018000f0f8     kernel32:KERNEL32.dll
 0002:00000100       __imp_CreateActCtxW        000000018000f100     kernel32:KERNEL32.dll
 0002:00000108       __imp_GlobalFree           000000018000f108     kernel32:KERNEL32.dll
 0002:00000110       __imp_GlobalHandle         000000018000f110     kernel32:KERNEL32.dll
 0002:00000118       __imp_GlobalLock           000000018000f118     kernel32:KERNEL32.dll
 0002:00000120       __imp_GlobalUnlock         000000018000f120     kernel32:KERNEL32.dll
 0002:00000128       __imp_GlobalAlloc          000000018000f128     kernel32:KERNEL32.dll
 0002:00000130       __imp_LoadLibraryW         000000018000f130     kernel32:KERNEL32.dll
 0002:00000138       __imp_GetModuleHandleExW   000000018000f138     kernel32:KERNEL32.dll
 0002:00000140       __imp_GetModuleFileNameW   000000018000f140     kernel32:KERNEL32.dll
 0002:00000148       __imp_UnmapViewOfFile      000000018000f148     kernel32:KERNEL32.dll
 0002:00000150       __imp_MapViewOfFile        000000018000f150     kernel32:KERNEL32.dll
 0002:00000158       __imp_CreateFileMappingW   000000018000f158     kernel32:KERNEL32.dll
 0002:00000160       __imp_WriteProcessMemory   000000018000f160     kernel32:KERNEL32.dll
 0002:00000168       __imp_ReadProcessMemory    000000018000f168     kernel32:KERNEL32.dll
 0002:00000170       __imp_OpenProcess          000000018000f170     kernel32:KERNEL32.dll
 0002:00000178       __imp_GetCurrentProcessId  000000018000f178     kernel32:KERNEL32.dll
 0002:00000180       __imp_GetCurrentProcess    000000018000f180     kernel32:KERNEL32.dll
 0002:00000188       __imp_DeleteCriticalSection 000000018000f188     kernel32:KERNEL32.dll
 0002:00000190       __imp_InitializeCriticalSectionEx 000000018000f190     kernel32:KERNEL32.dll
 0002:00000198       __imp_SetLastError         000000018000f198     kernel32:KERNEL32.dll
 0002:000001a0       __imp_GetLastError         000000018000f1a0     kernel32:KERNEL32.dll
 0002:000001a8       __imp_OutputDebugStringA   000000018000f1a8     kernel32:KERNEL32.dll
 0002:000001b0       __imp_DecodePointer        000000018000f1b0     kernel32:KERNEL32.dll
 0002:000001b8       __imp_CloseHandle          000000018000f1b8     kernel32:KERNEL32.dll
 0002:000001c0       __imp_DuplicateHandle      000000018000f1c0     kernel32:KERNEL32.dll
 0002:000001c8       __imp_RaiseException       000000018000f1c8     kernel32:KERNEL32.dll
 0002:000001d0       \177KERNEL32_NULL_THUNK_DATA 000000018000f1d0     kernel32:KERNEL32.dll
 0002:000001d8       __imp_SysFreeString        000000018000f1d8     oleaut32:OLEAUT32.dll
 0002:000001e0       __imp_SysAllocStringLen    000000018000f1e0     oleaut32:OLEAUT32.dll
 0002:000001e8       \177OLEAUT32_NULL_THUNK_DATA 000000018000f1e8     oleaut32:OLEAUT32.dll
 0002:000001f0       __imp_UnregisterClassW     000000018000f1f0     user32:USER32.dll
 0002:000001f8       \177USER32_NULL_THUNK_DATA 000000018000f1f8     user32:USER32.dll
 0002:00000200       __imp__purecall            000000018000f200     vcruntime:VCRUNTIME140.dll
 0002:00000208       __imp___std_terminate      000000018000f208     vcruntime:VCRUNTIME140.dll
 0002:00000210       __imp___C_specific_handler 000000018000f210     vcruntime:VCRUNTIME140.dll
 0002:00000218       __imp___CxxFrameHandler3   000000018000f218     vcruntime:VCRUNTIME140.dll
 0002:00000220       __imp___std_type_info_destroy_list 000000018000f220     vcruntime:VCRUNTIME140.dll
 0002:00000228       __imp_memcpy               000000018000f228     vcruntime:VCRUNTIME140.dll
 0002:00000230       __imp_memmove              000000018000f230     vcruntime:VCRUNTIME140.dll
 0002:00000238       __imp_wcsrchr              000000018000f238     vcruntime:VCRUNTIME140.dll
 0002:00000240       __imp_memset               000000018000f240     vcruntime:VCRUNTIME140.dll
 0002:00000248       \177VCRUNTIME140_NULL_THUNK_DATA 000000018000f248     vcruntime:VCRUNTIME140.dll
 0002:00000250       __imp__wstat64             000000018000f250     ucrt:api-ms-win-crt-filesystem-l1-1-0.dll
 0002:00000258       \177api-ms-win-crt-filesystem-l1-1-0_NULL_THUNK_DATA 000000018000f258     ucrt:api-ms-win-crt-filesystem-l1-1-0.dll
 0002:00000260       __imp_malloc               000000018000f260     ucrt:api-ms-win-crt-heap-l1-1-0.dll
 0002:00000268       __imp__recalloc            000000018000f268     ucrt:api-ms-win-crt-heap-l1-1-0.dll
 0002:00000270       __imp_calloc               000000018000f270     ucrt:api-ms-win-crt-heap-l1-1-0.dll
 0002:00000278       __imp_free                 000000018000f278     ucrt:api-ms-win-crt-heap-l1-1-0.dll
 0002:00000280       \177api-ms-win-crt-heap-l1-1-0_NULL_THUNK_DATA 000000018000f280     ucrt:api-ms-win-crt-heap-l1-1-0.dll
 0002:00000288       __imp_terminate            000000018000f288     ucrt:api-ms-win-crt-runtime-l1-1-0.dll
 0002:00000290       __imp__initterm_e          000000018000f290     ucrt:api-ms-win-crt-runtime-l1-1-0.dll
 0002:00000298       __imp__initterm            000000018000f298     ucrt:api-ms-win-crt-runtime-l1-1-0.dll
 0002:000002a0       __imp__cexit               000000018000f2a0     ucrt:api-ms-win-crt-runtime-l1-1-0.dll
 0002:000002a8       __imp__crt_at_quick_exit   000000018000f2a8     ucrt:api-ms-win-crt-runtime-l1-1-0.dll
 0002:000002b0       __imp__crt_atexit          000000018000f2b0     ucrt:api-ms-win-crt-runtime-l1-1-0.dll
 0002:000002b8       __imp__execute_onexit_table 000000018000f2b8     ucrt:api-ms-win-crt-runtime-l1-1-0.dll
 0002:000002c0       __imp__register_onexit_function 000000018000f2c0     ucrt:api-ms-win-crt-runtime-l1-1-0.dll
 0002:000002c8       __imp__initialize_onexit_table 000000018000f2c8     ucrt:api-ms-win-crt-runtime-l1-1-0.dll
 0002:000002d0       __imp__initialize_narrow_environment 000000018000f2d0     ucrt:api-ms-win-crt-runtime-l1-1-0.dll
 0002:000002d8       __imp__configure_narrow_argv 000000018000f2d8     ucrt:api-ms-win-crt-runtime-l1-1-0.dll
 0002:000002e0       __imp__seh_filter_dll      000000018000f2e0     ucrt:api-ms-win-crt-runtime-l1-1-0.dll
 0002:000002e8       __imp__invalid_parameter_noinfo 000000018000f2e8     ucrt:api-ms-win-crt-runtime-l1-1-0.dll
 0002:000002f0       __imp__errno               000000018000f2f0     ucrt:api-ms-win-crt-runtime-l1-1-0.dll
 0002:000002f8       \177api-ms-win-crt-runtime-l1-1-0_NULL_THUNK_DATA 000000018000f2f8     ucrt:api-ms-win-crt-runtime-l1-1-0.dll
 0002:00000300       __imp__read                000000018000f300     ucrt:api-ms-win-crt-stdio-l1-1-0.dll
 0002:00000308       __imp__close               000000018000f308     ucrt:api-ms-win-crt-stdio-l1-1-0.dll
 0002:00000310       __imp__wsopen_dispatch     000000018000f310     ucrt:api-ms-win-crt-stdio-l1-1-0.dll
 0002:00000318       __imp_fwrite               000000018000f318     ucrt:api-ms-win-crt-stdio-l1-1-0.dll
 0002:00000320       __imp_fseek                000000018000f320     ucrt:api-ms-win-crt-stdio-l1-1-0.dll
 0002:00000328       __imp_fread                000000018000f328     ucrt:api-ms-win-crt-stdio-l1-1-0.dll
 0002:00000330       __imp_fflush               000000018000f330     ucrt:api-ms-win-crt-stdio-l1-1-0.dll
 0002:00000338       __imp_fclose               000000018000f338     ucrt:api-ms-win-crt-stdio-l1-1-0.dll
 0002:00000340       __imp___stdio_common_vswprintf 000000018000f340     ucrt:api-ms-win-crt-stdio-l1-1-0.dll
 0002:00000348       __imp__lseeki64            000000018000f348     ucrt:api-ms-win-crt-stdio-l1-1-0.dll
 0002:00000350       __imp__write               000000018000f350     ucrt:api-ms-win-crt-stdio-l1-1-0.dll
 0002:00000358       __imp___stdio_common_vsprintf 000000018000f358     ucrt:api-ms-win-crt-stdio-l1-1-0.dll
 0002:00000360       __imp___stdio_common_vfprintf 000000018000f360     ucrt:api-ms-win-crt-stdio-l1-1-0.dll
 0002:00000368       __imp___acrt_iob_func      000000018000f368     ucrt:api-ms-win-crt-stdio-l1-1-0.dll
 0002:00000370       __imp__wfopen              000000018000f370     ucrt:api-ms-win-crt-stdio-l1-1-0.dll
 0002:00000378       \177api-ms-win-crt-stdio-l1-1-0_NULL_THUNK_DATA 000000018000f378     ucrt:api-ms-win-crt-stdio-l1-1-0.dll
 0002:00000380       __imp_wcsncpy_s            000000018000f380     ucrt:api-ms-win-crt-string-l1-1-0.dll
 0002:00000388       __imp_wcsncat_s            000000018000f388     ucrt:api-ms-win-crt-string-l1-1-0.dll
 0002:00000390       \177api-ms-win-crt-string-l1-1-0_NULL_THUNK_DATA 000000018000f390     ucrt:api-ms-win-crt-string-l1-1-0.dll
 0002:00000398       __imp_?Render@BaseRenderFile@ffbase@@UEAAJPEAUISfProgress@@@Z 000000018000f398     ffplugsk64:ffplugsk64.dll
 0002:000003a0       __imp_?UpdateMetaData@BaseRenderFile@ffbase@@UEAAJKW4SFFIO_TEXT_ENCODE_TYPE@@@Z 000000018000f3a0     ffplugsk64:ffplugsk64.dll
 0002:000003a8       __imp_?GetTemplate@BaseRenderFile@ffbase@@UEAAJPEAPEAUtagSFTEMPLATExV2@@K@Z 000000018000f3a8     ffplugsk64:ffplugsk64.dll
 0002:000003b0       __imp_?SetMetaReader@BaseRenderFile@ffbase@@UEAAJPEAUISfReadMeta@@@Z 000000018000f3b0     ffplugsk64:ffplugsk64.dll
 0002:000003b8       __imp_?SetStreamReader@BaseRenderFile@ffbase@@UEAAJPEAUISfReadStream@@J@Z 000000018000f3b8     ffplugsk64:ffplugsk64.dll
 0002:000003c0       __imp_?SetStreamFormatInfo@BaseRenderFile@ffbase@@UEAAJQEAU_SFFILESTREAMFORMATINFOv2@@J@Z 000000018000f3c0     ffplugsk64:ffplugsk64.dll
 0002:000003c8       __imp_SfGetModulePath      000000018000f3c8     ffplugsk64:ffplugsk64.dll
 0002:000003d0       __imp_?CloseFile@BaseRenderFile@ffbase@@UEAAJXZ 000000018000f3d0     ffplugsk64:ffplugsk64.dll
 0002:000003d8       __imp_?GetStreamFormatInfo@BaseRenderFile@ffbase@@UEAAJQEAU_SFFILESTREAMFORMATINFOv2@@JJ@Z 000000018000f3d8     ffplugsk64:ffplugsk64.dll
 0002:000003e0       __imp_?GetStreamCount@BaseRenderFile@ffbase@@UEAAJPEAJ@Z 000000018000f3e0     ffplugsk64:ffplugsk64.dll
 0002:000003e8       __imp_?GetRenderFileClass@BaseRenderFile@ffbase@@UEAAJPEAPEAUISfRenderFileClass@@@Z 000000018000f3e8     ffplugsk64:ffplugsk64.dll
 0002:000003f0       __imp_?GetFileName@BaseRenderFile@ffbase@@UEAAJPEA_WI@Z 000000018000f3f0     ffplugsk64:ffplugsk64.dll
 0002:000003f8       __imp_?SetFile@BaseRenderFile@ffbase@@UEAAJPEB_W@Z 000000018000f3f8     ffplugsk64:ffplugsk64.dll
 0002:00000400       __imp_?OpenFile@BaseRenderFile@ffbase@@UEAAJKK@Z 000000018000f400     ffplugsk64:ffplugsk64.dll
 0002:00000408       __imp_?IsFileOpen@BaseRenderFile@ffbase@@UEAAJXZ 000000018000f408     ffplugsk64:ffplugsk64.dll
 0002:00000410       __imp_?ApplyMetadataToFile@ffbase@@YAJPEB_WPEAUISfReadMeta@@@Z 000000018000f410     ffplugsk64:ffplugsk64.dll
 0002:00000418       __imp_?SfGetString@@YAPEB_WPEAUHSFLANG__@@I@Z 000000018000f418     ffplugsk64:ffplugsk64.dll
 0002:00000420       __imp_?SfLoadString@@YAHPEAUHSFLANG__@@IPEA_WH@Z 000000018000f420     ffplugsk64:ffplugsk64.dll
 0002:00000428       __imp_SfCchPrintF          000000018000f428     ffplugsk64:ffplugsk64.dll
 0002:00000430       __imp_SfHelp_CreatePluginHelpFilePath 000000018000f430     ffplugsk64:ffplugsk64.dll
 0002:00000438       __imp_SfGetModuleFileName  000000018000f438     ffplugsk64:ffplugsk64.dll
 0002:00000440       __imp_?SfFio_ConstrainValueToTable@@YAKKPEBKIHPEAH@Z 000000018000f440     ffplugsk64:ffplugsk64.dll
 0002:00000448       __imp_?SfFio_GetMetric@@YAKPEAUISfFileIOManager@@HK@Z 000000018000f448     ffplugsk64:ffplugsk64.dll
 0002:00000450       __imp_?SfFio_GetMetricBool@@YAHPEAUISfFileIOManager@@HH@Z 000000018000f450     ffplugsk64:ffplugsk64.dll
 0002:00000458       __imp_?SfFio_GetTemplateInfo@@YAJPEBUtagSFTEMPLATExV2@@KPEAXIW4SFFIO_TEMPLATE_INFO@@@Z 000000018000f458     ffplugsk64:ffplugsk64.dll
 0002:00000460       __imp_?SfFio_SetTemplate@@YAJAEAPEAUtagSFTEMPLATExV2@@PEBU1@K@Z 000000018000f460     ffplugsk64:ffplugsk64.dll
 0002:00000468       __imp_?SfFio_FillBstrArrayFromStringResourceMap@@YAJPEAUHSFLANG__@@PEBW4SFFIO_FILECLASS_INFO_TEXT@@KPEAPEA_WPEBUFILECLASS_INFO_STRING_MAP@@KPEB_W@Z 000000018000f468     ffplugsk64:ffplugsk64.dll
 0002:00000470       __imp_?SfFio_CopyTemplate@@YAJPEAPEAUtagSFTEMPLATExV2@@PEBU1@@Z 000000018000f470     ffplugsk64:ffplugsk64.dll
 0002:00000478       __imp_SfAboutBox           000000018000f478     ffplugsk64:ffplugsk64.dll
 0002:00000480       __imp_??1BaseRenderFile@ffbase@@UEAA@XZ 000000018000f480     ffplugsk64:ffplugsk64.dll
[...]
 0004:00000f78       $pdata$__raise_securityfailure 000000018001bf78     msvcrt:gs_report.obj
 0004:00000f84       $pdata$__report_gsfailure  000000018001bf84     msvcrt:gs_report.obj
 0004:00000f90       $pdata$__report_rangecheckfailure 000000018001bf90     msvcrt:gs_report.obj
 0004:00000f9c       $pdata$__report_securityfailure 000000018001bf9c     msvcrt:gs_report.obj
 0004:00000fa8       $pdata$__report_securityfailureEx 000000018001bfa8     msvcrt:gs_report.obj
 0004:00000fb4       $pdata$capture_current_context 000000018001bfb4     msvcrt:gs_report.obj
 0004:00000fc0       $pdata$capture_previous_context 000000018001bfc0     msvcrt:gs_report.obj
 0004:00000fcc       $pdata$__get_entropy       000000018001bfcc     msvcrt:gs_support.obj
 0004:00000fd8       $pdata$__security_init_cookie 000000018001bfd8     msvcrt:gs_support.obj
 0004:00000fe4       $pdata$__scrt_initialize_default_local_stdio_options 000000018001bfe4     msvcrt:default_local_stdio_options.obj
 0004:00000ff0       $pdata$_RTC_Initialize     000000018001bff0     msvcrt:_initsect_.obj
 0004:00000ffc       $pdata$_RTC_Terminate      000000018001bffc     msvcrt:_initsect_.obj
 0004:00001044       $pdata$IsolationAwareUnregisterClassW$fin$0 000000018001c044     precomp.obj
 0004:00001050       $pdata$WinbaseIsolationAwarePrivatetRgzlnPgpgk$fin$0 000000018001c050     precomp.obj
 0004:0000105c       $pdata$?dtor$0@?0??CreateInstance@CClassFactory@@UEAAJPEAUIUnknown@@AEBU_GUID@@PEAPEAX@Z@4HA 000000018001c05c     main.obj
 0004:00001068       $pdata$IsolationAwareLoadLibraryExW$fin$0 000000018001c068     helpers.obj
 0004:00001074       $pdata$?fin$0@?0???_M@YAXPEAX_K1P6AX0@Z@Z@4HA 000000018001c074     msvcrt:ehvecdtr.obj
 0004:00001080       $pdata$?filt$0@?0??__ArrayUnwind@@YAXPEAX_K1P6AX0@Z@Z@4HA 000000018001c080     msvcrt:ehvecdtr.obj
 0004:0000108c       $pdata$__scrt_is_nonwritable_in_current_image$filt$0 000000018001c08c     msvcrt:utility.obj
 0004:00001098       $pdata$?fin$0@?0??dllmain_crt_process_attach@@YAHQEAUHINSTANCE__@@QEAX@Z@4HA 000000018001c098     msvcrt:dll_dllmain.obj
 0004:000010a4       $pdata$?fin$0@?0??dllmain_crt_process_detach@@YAH_N@Z@4HA 000000018001c0a4     msvcrt:dll_dllmain.obj
 0004:000010b0       $pdata$?filt$0@?0??dllmain_dispatch@@YAHQEAUHINSTANCE__@@KQEAX@Z@4HA 000000018001c0b0     msvcrt:dll_dllmain.obj
 0004:000010bc       $pdata$??__F_AtlComModule@ATL@@YAXXZ 000000018001c0bc     precomp.obj
 0004:000010c8       $pdata$??__F_AtlWinModule@ATL@@YAXXZ 000000018001c0c8     precomp.obj
 0005:000016b0       $R000000                   000000018001e6b0     mcaacplug.res
 0005:00001e30       $R000780                   000000018001ee30     mcaacplug.res
 0005:00001f70       $R0008C0                   000000018001ef70     mcaacplug.res
 0005:00002058       $R0009A8                   000000018001f058     mcaacplug.res
 0005:00002500       $R000E50                   000000018001f500     mcaacplug.res
 0005:000027e8       $R001138                   000000018001f7e8     mcaacplug.res
 0005:00002800       $R001150                   000000018001f800     mcaacplug.res
 0005:00002ef0       $R001840                   000000018001fef0     mcaacplug.res
 0005:00003030       $R001980                   0000000180020030     mcaacplug.res
 0005:00003110       $R001A60                   0000000180020110     mcaacplug.res
 0005:00003908       $R002258                   0000000180020908     mcaacplug.res
 0005:00003a58       $R0023A8                   0000000180020a58     mcaacplug.res
 0005:00003b38       $R002488                   0000000180020b38     mcaacplug.res
 0005:00004390       $R002CE0                   0000000180021390     mcaacplug.res
 0005:00004508       $R002E58                   0000000180021508     mcaacplug.res
 0005:00004600       $R002F50                   0000000180021600     mcaacplug.res
 0005:00004e50       $R0037A0                   0000000180021e50     mcaacplug.res
 0005:00004fb8       $R003908                   0000000180021fb8     mcaacplug.res
 0005:000050a8       $R0039F8                   00000001800220a8     mcaacplug.res
 0005:000058d0       $R004220                   00000001800228d0     mcaacplug.res
 0005:00005a30       $R004380                   0000000180022a30     mcaacplug.res
 0005:00005b40       $R004490                   0000000180022b40     mcaacplug.res
 0005:00006358       $R004CA8                   0000000180023358     mcaacplug.res
 0005:000064b0       $R004E00                   00000001800234b0     mcaacplug.res
 0005:000065b8       $R004F08                   00000001800235b8     mcaacplug.res
 0005:00006c08       $R005558                   0000000180023c08     mcaacplug.res
 0005:00006d30       $R005680                   0000000180023d30     mcaacplug.res
 0005:00006e10       $R005760                   0000000180023e10     mcaacplug.res
 0005:00007590       $R005EE0                   0000000180024590     mcaacplug.res
 0005:000076d0       $R006020                   00000001800246d0     mcaacplug.res
 0005:000077b8       $R006108                   00000001800247b8     mcaacplug.res
 0005:00007950       $R0062A0                   0000000180024950     mcaacplug.res
 0005:00007ba8       $R0064F8                   0000000180024ba8     mcaacplug.res
 0005:00007ed0       $R006820                   0000000180024ed0     mcaacplug.res
 0005:00008298       $R006BE8                   0000000180025298     mcaacplug.res
 0005:000085a8       $R006EF8                   00000001800255a8     mcaacplug.res
 0005:00008660       $R006FB0                   0000000180025660     mcaacplug.res
 0005:000086a0       $R006FF0                   00000001800256a0     mcaacplug.res
 0005:00008830       $R007180                   0000000180025830     mcaacplug.res
 0005:00008940       $R007290                   0000000180025940     mcaacplug.res
 0005:00008c60       $R0075B0                   0000000180025c60     mcaacplug.res
 0005:00009168       $R007AB8                   0000000180026168     mcaacplug.res
 0005:00009900       $R008250                   0000000180026900     mcaacplug.res
 0005:00009c78       $R0085C8                   0000000180026c78     mcaacplug.res
 0005:00009ca8       $R0085F8                   0000000180026ca8     mcaacplug.res
 0005:0000a1f8       $R008B48                   00000001800271f8     mcaacplug.res
 0005:0000a4c0       $R008E10                   00000001800274c0     mcaacplug.res
 0005:0000a508       $R008E58                   0000000180027508     mcaacplug.res
 0005:0000a600       $R008F50                   0000000180027600     mcaacplug.res
 0005:0000a6f0       $R009040                   00000001800276f0     mcaacplug.res
 0005:0000a720       $R009070                   0000000180027720     mcaacplug.res
 0005:0000a858       $R0091A8                   0000000180027858     mcaacplug.res
 0005:0000aa90       $R0093E0                   0000000180027a90     mcaacplug.res
 0005:0000acb8       $R009608                   0000000180027cb8     mcaacplug.res
 0005:0000aee0       $R009830                   0000000180027ee0     mcaacplug.res
 0005:0000b0d8       $R009A28                   00000001800280d8     mcaacplug.res
 0005:0000b178       $R009AC8                   0000000180028178     mcaacplug.res
 0005:0000b1b8       $R009B08                   00000001800281b8     mcaacplug.res
 0005:0000b318       $R009C68                   0000000180028318     mcaacplug.res
 0005:0000b410       $R009D60                   0000000180028410     mcaacplug.res
 0005:0000b690       $R009FE0                   0000000180028690     mcaacplug.res
 0005:0000ba78       $R00A3C8                   0000000180028a78     mcaacplug.res
 0005:0000bf78       $R00A8C8                   0000000180028f78     mcaacplug.res
 0005:0000c1f8       $R00AB48                   00000001800291f8     mcaacplug.res
 0005:0000c228       $R00AB78                   0000000180029228     mcaacplug.res
 0005:0000c640       $R00AF90                   0000000180029640     mcaacplug.res
 0005:0000c848       $R00B198                   0000000180029848     mcaacplug.res
 0005:0000c890       $R00B1E0                   0000000180029890     mcaacplug.res
 0005:0000c950       $R00B2A0                   0000000180029950     mcaacplug.res
 0005:0000ca00       $R00B350                   0000000180029a00     mcaacplug.res
 0005:0000ca28       $R00B378                   0000000180029a28     mcaacplug.res
 0005:0000cbf0       $R00B540                   0000000180029bf0     mcaacplug.res
 0005:0000ce58       $R00B7A8                   0000000180029e58     mcaacplug.res
 0005:0000d2a8       $R00BBF8                   000000018002a2a8     mcaacplug.res
 0005:0000d6e8       $R00C038                   000000018002a6e8     mcaacplug.res
 0005:0000da28       $R00C378                   000000018002aa28     mcaacplug.res
 0005:0000db10       $R00C460                   000000018002ab10     mcaacplug.res
 0005:0000db50       $R00C4A0                   000000018002ab50     mcaacplug.res
 0005:0000dcf8       $R00C648                   000000018002acf8     mcaacplug.res
 0005:0000de10       $R00C760                   000000018002ae10     mcaacplug.res
 0005:0000e188       $R00CAD8                   000000018002b188     mcaacplug.res
 0005:0000e830       $R00D180                   000000018002b830     mcaacplug.res
 0005:0000f1f8       $R00DB48                   000000018002c1f8     mcaacplug.res
 0005:0000f6e0       $R00E030                   000000018002c6e0     mcaacplug.res
 0005:0000f710       $R00E060                   000000018002c710     mcaacplug.res
 0005:0000fd68       $R00E6B8                   000000018002cd68     mcaacplug.res
 0005:000100a0       $R00E9F0                   000000018002d0a0     mcaacplug.res
 0005:000100e8       $R00EA38                   000000018002d0e8     mcaacplug.res
 0005:000101e8       $R00EB38                   000000018002d1e8     mcaacplug.res
 0005:000102e0       $R00EC30                   000000018002d2e0     mcaacplug.res
 0005:00010310       $R00EC60                   000000018002d310     mcaacplug.res
 0005:00010528       $R00EE78                   000000018002d528     mcaacplug.res
 0005:000107a8       $R00F0F8                   000000018002d7a8     mcaacplug.res
 0005:00010b38       $R00F488                   000000018002db38     mcaacplug.res
 0005:00010f70       $R00F8C0                   000000018002df70     mcaacplug.res
 0005:000112f0       $R00FC40                   000000018002e2f0     mcaacplug.res
 0005:000113e0       $R00FD30                   000000018002e3e0     mcaacplug.res
 0005:00011420       $R00FD70                   000000018002e420     mcaacplug.res
 0005:000115e8       $R00FF38                   000000018002e5e8     mcaacplug.res
 0005:00011700       $R010050                   000000018002e700     mcaacplug.res
 0005:00011a88       $R0103D8                   000000018002ea88     mcaacplug.res
 0005:00012038       $R010988                   000000018002f038     mcaacplug.res
 0005:00012910       $R011260                   000000018002f910     mcaacplug.res
 0005:00012d50       $R0116A0                   000000018002fd50     mcaacplug.res
 0005:00012d80       $R0116D0                   000000018002fd80     mcaacplug.res
 0005:000133a8       $R011CF8                   00000001800303a8     mcaacplug.res
 0005:000136b8       $R012008                   00000001800306b8     mcaacplug.res
 0005:00013700       $R012050                   0000000180030700     mcaacplug.res
 0005:00013838       $R012188                   0000000180030838     mcaacplug.res
 0005:00013960       $R0122B0                   0000000180030960     mcaacplug.res
 0005:00013990       $R0122E0                   0000000180030990     mcaacplug.res
 0005:00013bc0       $R012510                   0000000180030bc0     mcaacplug.res
 0005:00013e88       $R0127D8                   0000000180030e88     mcaacplug.res
 0005:00014248       $R012B98                   0000000180031248     mcaacplug.res
 0005:000146c8       $R013018                   00000001800316c8     mcaacplug.res
 0005:00014a58       $R0133A8                   0000000180031a58     mcaacplug.res
 0005:00014b20       $R013470                   0000000180031b20     mcaacplug.res
 0005:00014b60       $R0134B0                   0000000180031b60     mcaacplug.res
 0005:00014d10       $R013660                   0000000180031d10     mcaacplug.res
 0005:00014e20       $R013770                   0000000180031e20     mcaacplug.res
 0005:000151b0       $R013B00                   00000001800321b0     mcaacplug.res
 0005:000157b8       $R014108                   00000001800327b8     mcaacplug.res
 0005:000160e8       $R014A38                   00000001800330e8     mcaacplug.res
 0005:00016500       $R014E50                   0000000180033500     mcaacplug.res
 0005:00016530       $R014E80                   0000000180033530     mcaacplug.res
 0005:00016b58       $R0154A8                   0000000180033b58     mcaacplug.res
 0005:00016e90       $R0157E0                   0000000180033e90     mcaacplug.res
 0005:00016ed8       $R015828                   0000000180033ed8     mcaacplug.res
 0005:00017000       $R015950                   0000000180034000     mcaacplug.res
 0005:00017110       $R015A60                   0000000180034110     mcaacplug.res
 0005:00017140       $R015A90                   0000000180034140     mcaacplug.res
 0005:000172f0       $R015C40                   00000001800342f0     mcaacplug.res
 0005:00017588       $R015ED8                   0000000180034588     mcaacplug.res
 0005:00017918       $R016268                   0000000180034918     mcaacplug.res
 0005:00017d08       $R016658                   0000000180034d08     mcaacplug.res
 0005:00018048       $R016998                   0000000180035048     mcaacplug.res
 0005:00018108       $R016A58                   0000000180035108     mcaacplug.res
 0005:00018148       $R016A98                   0000000180035148     mcaacplug.res
 0005:000182f0       $R016C40                   00000001800352f0     mcaacplug.res
 0005:00018408       $R016D58                   0000000180035408     mcaacplug.res
 0005:000187c8       $R017118                   00000001800357c8     mcaacplug.res
 0005:00018e38       $R017788                   0000000180035e38     mcaacplug.res
 0005:000197b0       $R018100                   00000001800367b0     mcaacplug.res
 0005:00019c48       $R018598                   0000000180036c48     mcaacplug.res
 0005:00019c78       $R0185C8                   0000000180036c78     mcaacplug.res
 0005:0001a2c8       $R018C18                   00000001800372c8     mcaacplug.res
 0005:0001a628       $R018F78                   0000000180037628     mcaacplug.res
 0005:0001a670       $R018FC0                   0000000180037670     mcaacplug.res
 0005:0001a7d0       $R019120                   00000001800377d0     mcaacplug.res
 0005:0001a8e8       $R019238                   00000001800378e8     mcaacplug.res
 0005:0001a918       $R019268                   0000000180037918     mcaacplug.res
 0005:0001aae8       $R019438                   0000000180037ae8     mcaacplug.res
 0005:0001ad58       $R0196A8                   0000000180037d58     mcaacplug.res
 0005:0001b120       $R019A70                   0000000180038120     mcaacplug.res
 0005:0001b510       $R019E60                   0000000180038510     mcaacplug.res
 0005:0001b848       $R01A198                   0000000180038848     mcaacplug.res
 0005:0001b918       $R01A268                   0000000180038918     mcaacplug.res
 0005:0001b958       $R01A2A8                   0000000180038958     mcaacplug.res
 0005:0001bb00       $R01A450                   0000000180038b00     mcaacplug.res
 0005:0001bc10       $R01A560                   0000000180038c10     mcaacplug.res
 0005:0001bfa0       $R01A8F0                   0000000180038fa0     mcaacplug.res
 0005:0001c558       $R01AEA8                   0000000180039558     mcaacplug.res
 0005:0001ce20       $R01B770                   0000000180039e20     mcaacplug.res
 0005:0001d1f0       $R01BB40                   000000018003a1f0     mcaacplug.res
 0005:0001d220       $R01BB70                   000000018003a220     mcaacplug.res
 0005:0001d7d0       $R01C120                   000000018003a7d0     mcaacplug.res
 0005:0001dae8       $R01C438                   000000018003aae8     mcaacplug.res
 0005:0001db30       $R01C480                   000000018003ab30     mcaacplug.res
 0005:0001dc78       $R01C5C8                   000000018003ac78     mcaacplug.res
 0005:0001dd98       $R01C6E8                   000000018003ad98     mcaacplug.res
 0005:0001ddc8       $R01C718                   000000018003adc8     mcaacplug.res
 0005:0001de90       $R01C7E0                   000000018003ae90     mcaacplug.res
 0005:0001e070       $R01C9C0                   000000018003b070     mcaacplug.res
 0005:0001e1c8       $R01CB18                   000000018003b1c8     mcaacplug.res
 0005:0001e338       $R01CC88                   000000018003b338     mcaacplug.res
 0005:0001e4a8       $R01CDF8                   000000018003b4a8     mcaacplug.res
 0005:0001e520       $R01CE70                   000000018003b520     mcaacplug.res
 0005:0001e558       $R01CEA8                   000000018003b558     mcaacplug.res
 0005:0001e6a8       $R01CFF8                   000000018003b6a8     mcaacplug.res
 0005:0001e790       $R01D0E0                   000000018003b790     mcaacplug.res
 0005:0001e988       $R01D2D8                   000000018003b988     mcaacplug.res
 0005:0001ec68       $R01D5B8                   000000018003bc68     mcaacplug.res
 0005:0001f048       $R01D998                   000000018003c048     mcaacplug.res
 0005:0001f220       $R01DB70                   000000018003c220     mcaacplug.res
 0005:0001f250       $R01DBA0                   000000018003c250     mcaacplug.res
 0005:0001f588       $R01DED8                   000000018003c588     mcaacplug.res
 0005:0001f6f0       $R01E040                   000000018003c6f0     mcaacplug.res
 0005:0001f738       $R01E088                   000000018003c738     mcaacplug.res
 0005:0001f7c0       $R01E110                   000000018003c7c0     mcaacplug.res
 0005:0001f848       $R01E198                   000000018003c848     mcaacplug.res
 0005:0001f870       $R01E1C0                   000000018003c870     mcaacplug.res
 0005:0001fa08       $R01E358                   000000018003ca08     mcaacplug.res
 0005:0001fc60       $R01E5B0                   000000018003cc60     mcaacplug.res
 0005:0001ff88       $R01E8D8                   000000018003cf88     mcaacplug.res
 0005:00020350       $R01ECA0                   000000018003d350     mcaacplug.res
 0005:00020660       $R01EFB0                   000000018003d660     mcaacplug.res
 0005:00020718       $R01F068                   000000018003d718     mcaacplug.res
 0005:00020758       $R01F0A8                   000000018003d758     mcaacplug.res
 0005:000208e8       $R01F238                   000000018003d8e8     mcaacplug.res
 0005:000209f8       $R01F348                   000000018003d9f8     mcaacplug.res
 0005:00020d18       $R01F668                   000000018003dd18     mcaacplug.res
 0005:00021220       $R01FB70                   000000018003e220     mcaacplug.res
 0005:000219b8       $R020308                   000000018003e9b8     mcaacplug.res
 0005:00021d30       $R020680                   000000018003ed30     mcaacplug.res
 0005:00021d60       $R0206B0                   000000018003ed60     mcaacplug.res
 0005:000222b0       $R020C00                   000000018003f2b0     mcaacplug.res
 0005:00022578       $R020EC8                   000000018003f578     mcaacplug.res
 0005:000225c0       $R020F10                   000000018003f5c0     mcaacplug.res
 0005:000226b8       $R021008                   000000018003f6b8     mcaacplug.res
 0005:000227a8       $R0210F8                   000000018003f7a8     mcaacplug.res
